Archive member included to satisfy reference by file (symbol)

C:/STM32/ST/STM32CubeIDE_1.12.0/STM32CubeIDE/plugins/com.st.stm32cube.ide.mcu.externaltools.gnu-tools-for-stm32.11.3.rel1.win32_1.1.1.202309131626/tools/bin/../lib/gcc/arm-none-eabi/11.3.1/../../../../arm-none-eabi/lib/thumb/v7-m/nofp\libc_nano.a(libc_a-exit.o)
                              C:/STM32/ST/STM32CubeIDE_1.12.0/STM32CubeIDE/plugins/com.st.stm32cube.ide.mcu.externaltools.gnu-tools-for-stm32.11.3.rel1.win32_1.1.1.202309131626/tools/bin/../lib/gcc/arm-none-eabi/11.3.1/../../../../arm-none-eabi/lib/thumb/v7-m/nofp/crt0.o (exit)
C:/STM32/ST/STM32CubeIDE_1.12.0/STM32CubeIDE/plugins/com.st.stm32cube.ide.mcu.externaltools.gnu-tools-for-stm32.11.3.rel1.win32_1.1.1.202309131626/tools/bin/../lib/gcc/arm-none-eabi/11.3.1/../../../../arm-none-eabi/lib/thumb/v7-m/nofp\libc_nano.a(libc_a-findfp.o)
                              C:/STM32/ST/STM32CubeIDE_1.12.0/STM32CubeIDE/plugins/com.st.stm32cube.ide.mcu.externaltools.gnu-tools-for-stm32.11.3.rel1.win32_1.1.1.202309131626/tools/bin/../lib/gcc/arm-none-eabi/11.3.1/../../../../arm-none-eabi/lib/thumb/v7-m/nofp\libc_nano.a(libc_a-exit.o) (__stdio_exit_handler)
C:/STM32/ST/STM32CubeIDE_1.12.0/STM32CubeIDE/plugins/com.st.stm32cube.ide.mcu.externaltools.gnu-tools-for-stm32.11.3.rel1.win32_1.1.1.202309131626/tools/bin/../lib/gcc/arm-none-eabi/11.3.1/../../../../arm-none-eabi/lib/thumb/v7-m/nofp\libc_nano.a(libc_a-fwalk.o)
                              C:/STM32/ST/STM32CubeIDE_1.12.0/STM32CubeIDE/plugins/com.st.stm32cube.ide.mcu.externaltools.gnu-tools-for-stm32.11.3.rel1.win32_1.1.1.202309131626/tools/bin/../lib/gcc/arm-none-eabi/11.3.1/../../../../arm-none-eabi/lib/thumb/v7-m/nofp\libc_nano.a(libc_a-findfp.o) (_fwalk_sglue)
C:/STM32/ST/STM32CubeIDE_1.12.0/STM32CubeIDE/plugins/com.st.stm32cube.ide.mcu.externaltools.gnu-tools-for-stm32.11.3.rel1.win32_1.1.1.202309131626/tools/bin/../lib/gcc/arm-none-eabi/11.3.1/../../../../arm-none-eabi/lib/thumb/v7-m/nofp\libc_nano.a(libc_a-printf.o)
                              ./Core/Src/main.o (printf)
C:/STM32/ST/STM32CubeIDE_1.12.0/STM32CubeIDE/plugins/com.st.stm32cube.ide.mcu.externaltools.gnu-tools-for-stm32.11.3.rel1.win32_1.1.1.202309131626/tools/bin/../lib/gcc/arm-none-eabi/11.3.1/../../../../arm-none-eabi/lib/thumb/v7-m/nofp\libc_nano.a(libc_a-stdio.o)
                              C:/STM32/ST/STM32CubeIDE_1.12.0/STM32CubeIDE/plugins/com.st.stm32cube.ide.mcu.externaltools.gnu-tools-for-stm32.11.3.rel1.win32_1.1.1.202309131626/tools/bin/../lib/gcc/arm-none-eabi/11.3.1/../../../../arm-none-eabi/lib/thumb/v7-m/nofp\libc_nano.a(libc_a-findfp.o) (__sread)
C:/STM32/ST/STM32CubeIDE_1.12.0/STM32CubeIDE/plugins/com.st.stm32cube.ide.mcu.externaltools.gnu-tools-for-stm32.11.3.rel1.win32_1.1.1.202309131626/tools/bin/../lib/gcc/arm-none-eabi/11.3.1/../../../../arm-none-eabi/lib/thumb/v7-m/nofp\libc_nano.a(libc_a-memset.o)
                              C:/STM32/ST/STM32CubeIDE_1.12.0/STM32CubeIDE/plugins/com.st.stm32cube.ide.mcu.externaltools.gnu-tools-for-stm32.11.3.rel1.win32_1.1.1.202309131626/tools/bin/../lib/gcc/arm-none-eabi/11.3.1/../../../../arm-none-eabi/lib/thumb/v7-m/nofp/crt0.o (memset)
C:/STM32/ST/STM32CubeIDE_1.12.0/STM32CubeIDE/plugins/com.st.stm32cube.ide.mcu.externaltools.gnu-tools-for-stm32.11.3.rel1.win32_1.1.1.202309131626/tools/bin/../lib/gcc/arm-none-eabi/11.3.1/../../../../arm-none-eabi/lib/thumb/v7-m/nofp\libc_nano.a(libc_a-closer.o)
                              C:/STM32/ST/STM32CubeIDE_1.12.0/STM32CubeIDE/plugins/com.st.stm32cube.ide.mcu.externaltools.gnu-tools-for-stm32.11.3.rel1.win32_1.1.1.202309131626/tools/bin/../lib/gcc/arm-none-eabi/11.3.1/../../../../arm-none-eabi/lib/thumb/v7-m/nofp\libc_nano.a(libc_a-stdio.o) (_close_r)
C:/STM32/ST/STM32CubeIDE_1.12.0/STM32CubeIDE/plugins/com.st.stm32cube.ide.mcu.externaltools.gnu-tools-for-stm32.11.3.rel1.win32_1.1.1.202309131626/tools/bin/../lib/gcc/arm-none-eabi/11.3.1/../../../../arm-none-eabi/lib/thumb/v7-m/nofp\libc_nano.a(libc_a-reent.o)
                              C:/STM32/ST/STM32CubeIDE_1.12.0/STM32CubeIDE/plugins/com.st.stm32cube.ide.mcu.externaltools.gnu-tools-for-stm32.11.3.rel1.win32_1.1.1.202309131626/tools/bin/../lib/gcc/arm-none-eabi/11.3.1/../../../../arm-none-eabi/lib/thumb/v7-m/nofp\libc_nano.a(libc_a-closer.o) (errno)
C:/STM32/ST/STM32CubeIDE_1.12.0/STM32CubeIDE/plugins/com.st.stm32cube.ide.mcu.externaltools.gnu-tools-for-stm32.11.3.rel1.win32_1.1.1.202309131626/tools/bin/../lib/gcc/arm-none-eabi/11.3.1/../../../../arm-none-eabi/lib/thumb/v7-m/nofp\libc_nano.a(libc_a-impure.o)
                              C:/STM32/ST/STM32CubeIDE_1.12.0/STM32CubeIDE/plugins/com.st.stm32cube.ide.mcu.externaltools.gnu-tools-for-stm32.11.3.rel1.win32_1.1.1.202309131626/tools/bin/../lib/gcc/arm-none-eabi/11.3.1/../../../../arm-none-eabi/lib/thumb/v7-m/nofp\libc_nano.a(libc_a-printf.o) (_impure_ptr)
[...]
Memory Configuration

Name             Origin             Length             Attributes
RAM              0x0000000020000000 0x0000000000005000 xrw
FLASH            0x0000000008000000 0x0000000000010000 xr
*default*        0x0000000000000000 0xffffffffffffffff

Linker script and memory map

LOAD C:/STM32/ST/STM32CubeIDE_1.12.0/STM32CubeIDE/plugins/com.st.stm32cube.ide.mcu.externaltools.gnu-tools-for-stm32.11.3.rel1.win32_1.1.1.202309131626/tools/bin/../lib/gcc/arm-none-eabi/11.3.1/thumb/v7-m/nofp/crti.o
LOAD C:/STM32/ST/STM32CubeIDE_1.12.0/STM32CubeIDE/plugins/com.st.stm32cube.ide.mcu.externaltools.gnu-tools-for-stm32.11.3.rel1.win32_1.1.1.202309131626/tools/bin/../lib/gcc/arm-none-eabi/11.3.1/thumb/v7-m/nofp/crtbegin.o
LOAD C:/STM32/ST/STM32CubeIDE_1.12.0/STM32CubeIDE/plugins/com.st.stm32cube.ide.mcu.externaltools.gnu-tools-for-stm32.11.3.rel1.win32_1.1.1.202309131626/tools/bin/../lib/gcc/arm-none-eabi/11.3.1/../../../../arm-none-eabi/lib/thumb/v7-m/nofp/crt0.o
LOAD ./Core/Src/DIFF.o
LOAD ./Core/Src/PID.o
LOAD ./Core/Src/gpio.o
LOAD ./Core/Src/main.o
LOAD ./Core/Src/stm32f1xx_hal_msp.o
LOAD ./Core/Src/stm32f1xx_it.o
LOAD ./Core/Src/syscalls.o
LOAD ./Core/Src/sysmem.o
LOAD ./Core/Src/system_stm32f1xx.o
LOAD ./Core/Src/tim.o
LOAD ./Core/Startup/startup_stm32f103c8tx.o
LOAD ./Drivers/STM32F1xx_HAL_Driver/Src/stm32f1xx_hal.o
LOAD ./Drivers/STM32F1xx_HAL_Driver/Src/stm32f1xx_hal_cortex.o
LOAD ./Drivers/STM32F1xx_HAL_Driver/Src/stm32f1xx_hal_dma.o
LOAD ./Drivers/STM32F1xx_HAL_Driver/Src/stm32f1xx_hal_exti.o
LOAD ./Drivers/STM32F1xx_HAL_Driver/Src/stm32f1xx_hal_flash.o
LOAD ./Drivers/STM32F1xx_HAL_Driver/Src/stm32f1xx_hal_flash_ex.o
LOAD ./Drivers/STM32F1xx_HAL_Driver/Src/stm32f1xx_hal_gpio.o
LOAD ./Drivers/STM32F1xx_HAL_Driver/Src/stm32f1xx_hal_gpio_ex.o
LOAD ./Drivers/STM32F1xx_HAL_Driver/Src/stm32f1xx_hal_pwr.o
LOAD ./Drivers/STM32F1xx_HAL_Driver/Src/stm32f1xx_hal_rcc.o
LOAD ./Drivers/STM32F1xx_HAL_Driver/Src/stm32f1xx_hal_rcc_ex.o
LOAD ./Drivers/STM32F1xx_HAL_Driver/Src/stm32f1xx_hal_tim.o
LOAD ./Drivers/STM32F1xx_HAL_Driver/Src/stm32f1xx_hal_tim_ex.o
START GROUP
LOAD C:/STM32/ST/STM32CubeIDE_1.12.0/STM32CubeIDE/plugins/com.st.stm32cube.ide.mcu.externaltools.gnu-tools-for-stm32.11.3.rel1.win32_1.1.1.202309131626/tools/bin/../lib/gcc/arm-none-eabi/11.3.1/../../../../arm-none-eabi/lib/thumb/v7-m/nofp\libc_nano.a
LOAD C:/STM32/ST/STM32CubeIDE_1.12.0/STM32CubeIDE/plugins/com.st.stm32cube.ide.mcu.externaltools.gnu-tools-for-stm32.11.3.rel1.win32_1.1.1.202309131626/tools/bin/../lib/gcc/arm-none-eabi/11.3.1/../../../../arm-none-eabi/lib/thumb/v7-m/nofp\libm.a
END GROUP
START GROUP
LOAD C:/STM32/ST/STM32CubeIDE_1.12.0/STM32CubeIDE/plugins/com.st.stm32cube.ide.mcu.externaltools.gnu-tools-for-stm32.11.3.rel1.win32_1.1.1.202309131626/tools/bin/../lib/gcc/arm-none-eabi/11.3.1/thumb/v7-m/nofp\libgcc.a
LOAD C:/STM32/ST/STM32CubeIDE_1.12.0/STM32CubeIDE/plugins/com.st.stm32cube.ide.mcu.externaltools.gnu-tools-for-stm32.11.3.rel1.win32_1.1.1.202309131626/tools/bin/../lib/gcc/arm-none-eabi/11.3.1/../../../../arm-none-eabi/lib/thumb/v7-m/nofp\libc_nano.a
END GROUP
START GROUP
LOAD C:/STM32/ST/STM32CubeIDE_1.12.0/STM32CubeIDE/plugins/com.st.stm32cube.ide.mcu.externaltools.gnu-tools-for-stm32.11.3.rel1.win32_1.1.1.202309131626/tools/bin/../lib/gcc/arm-none-eabi/11.3.1/thumb/v7-m/nofp\libgcc.a
LOAD C:/STM32/ST/STM32CubeIDE_1.12.0/STM32CubeIDE/plugins/com.st.stm32cube.ide.mcu.externaltools.gnu-tools-for-stm32.11.3.rel1.win32_1.1.1.202309131626/tools/bin/../lib/gcc/arm-none-eabi/11.3.1/../../../../arm-none-eabi/lib/thumb/v7-m/nofp\libc_nano.a
LOAD C:/STM32/ST/STM32CubeIDE_1.12.0/STM32CubeIDE/plugins/com.st.stm32cube.ide.mcu.externaltools.gnu-tools-for-stm32.11.3.rel1.win32_1.1.1.202309131626/tools/bin/../lib/gcc/arm-none-eabi/11.3.1/../../../../arm-none-eabi/lib/thumb/v7-m/nofp\libnosys.a
END GROUP
START GROUP
LOAD C:/STM32/ST/STM32CubeIDE_1.12.0/STM32CubeIDE/plugins/com.st.stm32cube.ide.mcu.externaltools.gnu-tools-for-stm32.11.3.rel1.win32_1.1.1.202309131626/tools/bin/../lib/gcc/arm-none-eabi/11.3.1/thumb/v7-m/nofp\libgcc.a
LOAD C:/STM32/ST/STM32CubeIDE_1.12.0/STM32CubeIDE/plugins/com.st.stm32cube.ide.mcu.externaltools.gnu-tools-for-stm32.11.3.rel1.win32_1.1.1.202309131626/tools/bin/../lib/gcc/arm-none-eabi/11.3.1/../../../../arm-none-eabi/lib/thumb/v7-m/nofp\libc_nano.a
LOAD C:/STM32/ST/STM32CubeIDE_1.12.0/STM32CubeIDE/plugins/com.st.stm32cube.ide.mcu.externaltools.gnu-tools-for-stm32.11.3.rel1.win32_1.1.1.202309131626/tools/bin/../lib/gcc/arm-none-eabi/11.3.1/../../../../arm-none-eabi/lib/thumb/v7-m/nofp\libnosys.a
END GROUP
LOAD C:/STM32/ST/STM32CubeIDE_1.12.0/STM32CubeIDE/plugins/com.st.stm32cube.ide.mcu.externaltools.gnu-tools-for-stm32.11.3.rel1.win32_1.1.1.202309131626/tools/bin/../lib/gcc/arm-none-eabi/11.3.1/thumb/v7-m/nofp/crtend.o
LOAD C:/STM32/ST/STM32CubeIDE_1.12.0/STM32CubeIDE/plugins/com.st.stm32cube.ide.mcu.externaltools.gnu-tools-for-stm32.11.3.rel1.win32_1.1.1.202309131626/tools/bin/../lib/gcc/arm-none-eabi/11.3.1/thumb/v7-m/nofp/crtn.o
                0x0000000020005000                _estack = (ORIGIN (RAM) + LENGTH (RAM))
                0x0000000000000200                _Min_Heap_Size = 0x200
                0x0000000000000400                _Min_Stack_Size = 0x400

.isr_vector     0x0000000008000000      0x10c
                0x0000000008000000                . = ALIGN (0x4)
 *(.isr_vector)
 .isr_vector    0x0000000008000000      0x10c ./Core/Startup/startup_stm32f103c8tx.o
                0x0000000008000000                g_pfnVectors
                0x000000000800010c                . = ALIGN (0x4)

.text           0x0000000008000110     0x46e0
                0x0000000008000110                . = ALIGN (0x4)
 *(.text)
 .text          0x0000000008000110       0x40 C:/STM32/ST/STM32CubeIDE_1.12.0/STM32CubeIDE/plugins/com.st.stm32cube.ide.mcu.externaltools.gnu-tools-for-stm32.11.3.rel1.win32_1.1.1.202309131626/tools/bin/../lib/gcc/arm-none-eabi/11.3.1/thumb/v7-m/nofp/crtbegin.o
 .text          0x0000000008000150      0x254 C:/STM32/ST/STM32CubeIDE_1.12.0/STM32CubeIDE/plugins/com.st.stm32cube.ide.mcu.externaltools.gnu-tools-for-stm32.11.3.rel1.win32_1.1.1.202309131626/tools/bin/../lib/gcc/arm-none-eabi/11.3.1/thumb/v7-m/nofp\libgcc.a(_arm_muldf3.o)
                0x0000000008000150                __muldf3
                0x0000000008000150                __aeabi_dmul
 .text          0x00000000080003a4      0x378 C:/STM32/ST/STM32CubeIDE_1.12.0/STM32CubeIDE/plugins/com.st.stm32cube.ide.mcu.externaltools.gnu-tools-for-stm32.11.3.rel1.win32_1.1.1.202309131626/tools/bin/../lib/gcc/arm-none-eabi/11.3.1/thumb/v7-m/nofp\libgcc.a(_arm_addsubdf3.o)
                0x00000000080003a4                __aeabi_drsub
                0x00000000080003ac                __aeabi_dsub
                0x00000000080003ac                __subdf3
                0x00000000080003b0                __aeabi_dadd
                0x00000000080003b0                __adddf3
                0x0000000008000628                __floatunsidf
                0x0000000008000628                __aeabi_ui2d
                0x0000000008000648                __floatsidf
                0x0000000008000648                __aeabi_i2d
                0x000000000800066c                __aeabi_f2d
                0x000000000800066c                __extendsfdf2
                0x00000000080006b0                __floatundidf
                0x00000000080006b0                __aeabi_ul2d
                0x00000000080006c0                __floatdidf
                0x00000000080006c0                __aeabi_l2d
 .text          0x000000000800071c       0xa0 C:/STM32/ST/STM32CubeIDE_1.12.0/STM32CubeIDE/plugins/com.st.stm32cube.ide.mcu.externaltools.gnu-tools-for-stm32.11.3.rel1.win32_1.1.1.202309131626/tools/bin/../lib/gcc/arm-none-eabi/11.3.1/thumb/v7-m/nofp\libgcc.a(_arm_truncdfsf2.o)
                0x000000000800071c                __truncdfsf2
                0x000000000800071c                __aeabi_d2f
 .text          0x00000000080007bc      0x21c C:/STM32/ST/STM32CubeIDE_1.12.0/STM32CubeIDE/plugins/com.st.stm32cube.ide.mcu.externaltools.gnu-tools-for-stm32.11.3.rel1.win32_1.1.1.202309131626/tools/bin/../lib/gcc/arm-none-eabi/11.3.1/thumb/v7-m/nofp\libgcc.a(_arm_addsubsf3.o)
                0x00000000080007bc                __aeabi_frsub
                0x00000000080007c4                __subsf3
                0x00000000080007c4                __aeabi_fsub
                0x00000000080007c8                __aeabi_fadd
                0x00000000080007c8                __addsf3
                0x0000000008000928                __aeabi_ui2f
                0x0000000008000928                __floatunsisf
                0x0000000008000930                __aeabi_i2f
                0x0000000008000930                __floatsisf
                0x000000000800094c                __aeabi_ul2f
                0x000000000800094c                __floatundisf
                0x000000000800095c                __aeabi_l2f
                0x000000000800095c                __floatdisf
 .text          0x00000000080009d8      0x2a0 C:/STM32/ST/STM32CubeIDE_1.12.0/STM32CubeIDE/plugins/com.st.stm32cube.ide.mcu.externaltools.gnu-tools-for-stm32.11.3.rel1.win32_1.1.1.202309131626/tools/bin/../lib/gcc/arm-none-eabi/11.3.1/thumb/v7-m/nofp\libgcc.a(_arm_muldivsf3.o)
                0x00000000080009d8                __mulsf3
                0x00000000080009d8                __aeabi_fmul
                0x0000000008000b40                __aeabi_fdiv
                0x0000000008000b40                __divsf3
 .text          0x0000000008000c78       0xec C:/STM32/ST/STM32CubeIDE_1.12.0/STM32CubeIDE/plugins/com.st.stm32cube.ide.mcu.externaltools.gnu-tools-for-stm32.11.3.rel1.win32_1.1.1.202309131626/tools/bin/../lib/gcc/arm-none-eabi/11.3.1/thumb/v7-m/nofp\libgcc.a(_arm_cmpsf2.o)
                0x0000000008000c78                __gesf2
                0x0000000008000c78                __gtsf2
                0x0000000008000c80                __lesf2
                0x0000000008000c80                __ltsf2
                0x0000000008000c88                __nesf2
                0x0000000008000c88                __eqsf2
                0x0000000008000c88                __cmpsf2
                0x0000000008000ce8                __aeabi_cfrcmple
                0x0000000008000cf0                __aeabi_cfcmpeq
                0x0000000008000cf0                __aeabi_cfcmple
                0x0000000008000d00                __aeabi_fcmpeq
                0x0000000008000d14                __aeabi_fcmplt
                0x0000000008000d28                __aeabi_fcmple
                0x0000000008000d3c                __aeabi_fcmpge
                0x0000000008000d50                __aeabi_fcmpgt
 .text          0x0000000008000d64       0x40 C:/STM32/ST/STM32CubeIDE_1.12.0/STM32CubeIDE/plugins/com.st.stm32cube.ide.mcu.externaltools.gnu-tools-for-stm32.11.3.rel1.win32_1.1.1.202309131626/tools/bin/../lib/gcc/arm-none-eabi/11.3.1/thumb/v7-m/nofp\libgcc.a(_arm_fixunssfsi.o)
                0x0000000008000d64                __fixunssfsi
                0x0000000008000d64                __aeabi_f2uiz
 *(.text*)
 .text.PIDController_Init
                0x0000000008000da4       0x3a ./Core/Src/PID.o
                0x0000000008000da4                PIDController_Init
 .text.PIDController_Update
                0x0000000008000dde      0x1ba ./Core/Src/PID.o
                0x0000000008000dde                PIDController_Update
 .text.MX_GPIO_Init
                0x0000000008000f98       0xb0 ./Core/Src/gpio.o
                0x0000000008000f98                MX_GPIO_Init
 .text.ITM_SendChar
                0x0000000008001048       0x4c ./Core/Src/main.o
 .text._write   0x0000000008001094       0x3c ./Core/Src/main.o
                0x0000000008001094                _write
 .text.Motors_RP
                0x00000000080010d0      0x184 ./Core/Src/main.o
                0x00000000080010d0                Motors_RP
 .text.main     0x0000000008001254       0xa4 ./Core/Src/main.o
                0x0000000008001254                main
 .text.SystemClock_Config
                0x00000000080012f8       0x8a ./Core/Src/main.o
                0x00000000080012f8                SystemClock_Config
 *fill*         0x0000000008001382        0x2 
 .text.HAL_TIM_PeriodElapsedCallback
                0x0000000008001384       0x80 ./Core/Src/main.o
                0x0000000008001384                HAL_TIM_PeriodElapsedCallback
 .text.Error_Handler
                0x0000000008001404        0xa ./Core/Src/main.o
                0x0000000008001404                Error_Handler
 *fill*         0x000000000800140e        0x2 
 .text.HAL_MspInit
                0x0000000008001410       0x74 ./Core/Src/stm32f1xx_hal_msp.o
                0x0000000008001410                HAL_MspInit
 .text.NMI_Handler
                0x0000000008001484        0x6 ./Core/Src/stm32f1xx_it.o
                0x0000000008001484                NMI_Handler
 .text.HardFault_Handler
                0x000000000800148a        0x6 ./Core/Src/stm32f1xx_it.o
                0x000000000800148a                HardFault_Handler
 .text.MemManage_Handler
                0x0000000008001490        0x6 ./Core/Src/stm32f1xx_it.o
                0x0000000008001490                MemManage_Handler
 .text.BusFault_Handler
                0x0000000008001496        0x6 ./Core/Src/stm32f1xx_it.o
                0x0000000008001496                BusFault_Handler
 .text.UsageFault_Handler
                0x000000000800149c        0x6 ./Core/Src/stm32f1xx_it.o
                0x000000000800149c                UsageFault_Handler
 .text.SVC_Handler
                0x00000000080014a2        0xc ./Core/Src/stm32f1xx_it.o
                0x00000000080014a2                SVC_Handler
 .text.DebugMon_Handler
                0x00000000080014ae        0xc ./Core/Src/stm32f1xx_it.o
                0x00000000080014ae                DebugMon_Handler
 .text.PendSV_Handler
                0x00000000080014ba        0xc ./Core/Src/stm32f1xx_it.o
                0x00000000080014ba                PendSV_Handler
 .text.SysTick_Handler
                0x00000000080014c6        0xc ./Core/Src/stm32f1xx_it.o
                0x00000000080014c6                SysTick_Handler
 .text.RCC_IRQHandler
                0x00000000080014d2        0xc ./Core/Src/stm32f1xx_it.o
                0x00000000080014d2                RCC_IRQHandler
 *fill*         0x00000000080014de        0x2 
 .text.TIM2_IRQHandler
                0x00000000080014e0       0x14 ./Core/Src/stm32f1xx_it.o
                0x00000000080014e0                TIM2_IRQHandler
 .text._read    0x00000000080014f4       0x3a ./Core/Src/syscalls.o
                0x00000000080014f4                _read
 .text._close   0x000000000800152e       0x16 ./Core/Src/syscalls.o
                0x000000000800152e                _close
 .text._fstat   0x0000000008001544       0x1e ./Core/Src/syscalls.o
                0x0000000008001544                _fstat
 .text._isatty  0x0000000008001562       0x14 ./Core/Src/syscalls.o
                0x0000000008001562                _isatty
 .text._lseek   0x0000000008001576       0x18 ./Core/Src/syscalls.o
                0x0000000008001576                _lseek
 *fill*         0x000000000800158e        0x2 
 .text._sbrk    0x0000000008001590       0x6c ./Core/Src/sysmem.o
                0x0000000008001590                _sbrk
 .text.SystemInit
                0x00000000080015fc        0xc ./Core/Src/system_stm32f1xx.o
                0x00000000080015fc                SystemInit
 .text.MX_TIM2_Init
                0x0000000008001608       0x98 ./Core/Src/tim.o
                0x0000000008001608                MX_TIM2_Init
 .text.MX_TIM3_Init
                0x00000000080016a0      0x104 ./Core/Src/tim.o
                0x00000000080016a0                MX_TIM3_Init
 .text.MX_TIM4_Init
                0x00000000080017a4       0xa8 ./Core/Src/tim.o
                0x00000000080017a4                MX_TIM4_Init
 .text.HAL_TIM_Base_MspInit
                0x000000000800184c       0x70 ./Core/Src/tim.o
                0x000000000800184c                HAL_TIM_Base_MspInit
 .text.HAL_TIM_Encoder_MspInit
                0x00000000080018bc       0x7c ./Core/Src/tim.o
                0x00000000080018bc                HAL_TIM_Encoder_MspInit
 .text.HAL_TIM_MspPostInit
                0x0000000008001938       0x8c ./Core/Src/tim.o
                0x0000000008001938                HAL_TIM_MspPostInit
 .text.Reset_Handler
                0x00000000080019c4       0x48 ./Core/Startup/startup_stm32f103c8tx.o
                0x00000000080019c4                Reset_Handler
 .text.Default_Handler
                0x0000000008001a0c        0x2 ./Core/Startup/startup_stm32f103c8tx.o
                0x0000000008001a0c                RTC_Alarm_IRQHandler
                0x0000000008001a0c                EXTI2_IRQHandler
                0x0000000008001a0c                TIM1_CC_IRQHandler
                0x0000000008001a0c                PVD_IRQHandler
                0x0000000008001a0c                EXTI3_IRQHandler
                0x0000000008001a0c                EXTI0_IRQHandler
                0x0000000008001a0c                I2C2_EV_IRQHandler
                0x0000000008001a0c                ADC1_2_IRQHandler
                0x0000000008001a0c                SPI1_IRQHandler
                0x0000000008001a0c                TAMPER_IRQHandler
                0x0000000008001a0c                DMA1_Channel4_IRQHandler
                0x0000000008001a0c                USART3_IRQHandler
                0x0000000008001a0c                RTC_IRQHandler
                0x0000000008001a0c                DMA1_Channel7_IRQHandler
                0x0000000008001a0c                CAN1_RX1_IRQHandler
                0x0000000008001a0c                TIM4_IRQHandler
                0x0000000008001a0c                I2C1_EV_IRQHandler
                0x0000000008001a0c                DMA1_Channel6_IRQHandler
                0x0000000008001a0c                TIM3_IRQHandler
                0x0000000008001a0c                TIM1_TRG_COM_IRQHandler
                0x0000000008001a0c                DMA1_Channel1_IRQHandler
                0x0000000008001a0c                Default_Handler
                0x0000000008001a0c                EXTI15_10_IRQHandler
                0x0000000008001a0c                EXTI9_5_IRQHandler
                0x0000000008001a0c                SPI2_IRQHandler
                0x0000000008001a0c                DMA1_Channel5_IRQHandler
                0x0000000008001a0c                EXTI4_IRQHandler
                0x0000000008001a0c                USB_LP_CAN1_RX0_IRQHandler
                0x0000000008001a0c                USB_HP_CAN1_TX_IRQHandler
                0x0000000008001a0c                DMA1_Channel3_IRQHandler
                0x0000000008001a0c                TIM1_UP_IRQHandler
                0x0000000008001a0c                WWDG_IRQHandler
                0x0000000008001a0c                TIM1_BRK_IRQHandler
                0x0000000008001a0c                EXTI1_IRQHandler
                0x0000000008001a0c                USART2_IRQHandler
                0x0000000008001a0c                I2C2_ER_IRQHandler
                0x0000000008001a0c                DMA1_Channel2_IRQHandler
                0x0000000008001a0c                CAN1_SCE_IRQHandler
                0x0000000008001a0c                FLASH_IRQHandler
                0x0000000008001a0c                USART1_IRQHandler
                0x0000000008001a0c                I2C1_ER_IRQHandler
                0x0000000008001a0c                USBWakeUp_IRQHandler
 *fill*         0x0000000008001a0e        0x2 
 .text.HAL_Init
                0x0000000008001a10       0x2c ./Drivers/STM32F1xx_HAL_Driver/Src/stm32f1xx_hal.o
                0x0000000008001a10                HAL_Init
 .text.HAL_InitTick
                0x0000000008001a3c       0x60 ./Drivers/STM32F1xx_HAL_Driver/Src/stm32f1xx_hal.o
                0x0000000008001a3c                HAL_InitTick
 .text.HAL_IncTick
                0x0000000008001a9c       0x24 ./Drivers/STM32F1xx_HAL_Driver/Src/stm32f1xx_hal.o
                0x0000000008001a9c                HAL_IncTick
 .text.HAL_GetTick
                0x0000000008001ac0       0x14 ./Drivers/STM32F1xx_HAL_Driver/Src/stm32f1xx_hal.o
                0x0000000008001ac0                HAL_GetTick
 .text.HAL_Delay
                0x0000000008001ad4       0x48 ./Drivers/STM32F1xx_HAL_Driver/Src/stm32f1xx_hal.o
                0x0000000008001ad4                HAL_Delay
 .text.__NVIC_SetPriorityGrouping
                0x0000000008001b1c       0x48 ./Drivers/STM32F1xx_HAL_Driver/Src/stm32f1xx_hal_cortex.o
 .text.__NVIC_GetPriorityGrouping
                0x0000000008001b64       0x1c ./Drivers/STM32F1xx_HAL_Driver/Src/stm32f1xx_hal_cortex.o
 .text.__NVIC_EnableIRQ
                0x0000000008001b80       0x38 ./Drivers/STM32F1xx_HAL_Driver/Src/stm32f1xx_hal_cortex.o
 .text.__NVIC_SetPriority
                0x0000000008001bb8       0x54 ./Drivers/STM32F1xx_HAL_Driver/Src/stm32f1xx_hal_cortex.o
 .text.NVIC_EncodePriority
                0x0000000008001c0c       0x64 ./Drivers/STM32F1xx_HAL_Driver/Src/stm32f1xx_hal_cortex.o
 .text.SysTick_Config
                0x0000000008001c70       0x44 ./Drivers/STM32F1xx_HAL_Driver/Src/stm32f1xx_hal_cortex.o
 .text.HAL_NVIC_SetPriorityGrouping
                0x0000000008001cb4       0x16 ./Drivers/STM32F1xx_HAL_Driver/Src/stm32f1xx_hal_cortex.o
                0x0000000008001cb4                HAL_NVIC_SetPriorityGrouping
 .text.HAL_NVIC_SetPriority
                0x0000000008001cca       0x38 ./Drivers/STM32F1xx_HAL_Driver/Src/stm32f1xx_hal_cortex.o
                0x0000000008001cca                HAL_NVIC_SetPriority
 .text.HAL_NVIC_EnableIRQ
                0x0000000008001d02       0x1c ./Drivers/STM32F1xx_HAL_Driver/Src/stm32f1xx_hal_cortex.o
                0x0000000008001d02                HAL_NVIC_EnableIRQ
 .text.HAL_SYSTICK_Config
                0x0000000008001d1e       0x18 ./Drivers/STM32F1xx_HAL_Driver/Src/stm32f1xx_hal_cortex.o
                0x0000000008001d1e                HAL_SYSTICK_Config
 *fill*         0x0000000008001d36        0x2 
 .text.HAL_GPIO_Init
                0x0000000008001d38      0x308 ./Drivers/STM32F1xx_HAL_Driver/Src/stm32f1xx_hal_gpio.o
                0x0000000008001d38                HAL_GPIO_Init
 .text.HAL_GPIO_WritePin
                0x0000000008002040       0x30 ./Drivers/STM32F1xx_HAL_Driver/Src/stm32f1xx_hal_gpio.o
                0x0000000008002040                HAL_GPIO_WritePin
 .text.HAL_RCC_OscConfig
                0x0000000008002070      0x504 ./Drivers/STM32F1xx_HAL_Driver/Src/stm32f1xx_hal_rcc.o
                0x0000000008002070                HAL_RCC_OscConfig
 .text.HAL_RCC_ClockConfig
                0x0000000008002574      0x1d4 ./Drivers/STM32F1xx_HAL_Driver/Src/stm32f1xx_hal_rcc.o
                0x0000000008002574                HAL_RCC_ClockConfig
 .text.HAL_RCC_GetSysClockFreq
                0x0000000008002748       0xa8 ./Drivers/STM32F1xx_HAL_Driver/Src/stm32f1xx_hal_rcc.o
                0x0000000008002748                HAL_RCC_GetSysClockFreq
 .text.RCC_Delay
                0x00000000080027f0       0x3c ./Drivers/STM32F1xx_HAL_Driver/Src/stm32f1xx_hal_rcc.o
 .text.HAL_TIM_Base_Init
                0x000000000800282c       0x9e ./Drivers/STM32F1xx_HAL_Driver/Src/stm32f1xx_hal_tim.o
                0x000000000800282c                HAL_TIM_Base_Init
 *fill*         0x00000000080028ca        0x2 
 .text.HAL_TIM_Base_Start_IT
                0x00000000080028cc       0xa4 ./Drivers/STM32F1xx_HAL_Driver/Src/stm32f1xx_hal_tim.o
                0x00000000080028cc                HAL_TIM_Base_Start_IT
 .text.HAL_TIM_PWM_Init
                0x0000000008002970       0x9e ./Drivers/STM32F1xx_HAL_Driver/Src/stm32f1xx_hal_tim.o
                0x0000000008002970                HAL_TIM_PWM_Init
 .text.HAL_TIM_PWM_MspInit
                0x0000000008002a0e       0x12 ./Drivers/STM32F1xx_HAL_Driver/Src/stm32f1xx_hal_tim.o
                0x0000000008002a0e                HAL_TIM_PWM_MspInit
 .text.HAL_TIM_PWM_Start
                0x0000000008002a20      0x144 ./Drivers/STM32F1xx_HAL_Driver/Src/stm32f1xx_hal_tim.o
                0x0000000008002a20                HAL_TIM_PWM_Start
 .text.HAL_TIM_Encoder_Init
                0x0000000008002b64      0x144 ./Drivers/STM32F1xx_HAL_Driver/Src/stm32f1xx_hal_tim.o
                0x0000000008002b64                HAL_TIM_Encoder_Init
 .text.HAL_TIM_Encoder_Start
                0x0000000008002ca8      0x11c ./Drivers/STM32F1xx_HAL_Driver/Src/stm32f1xx_hal_tim.o
                0x0000000008002ca8                HAL_TIM_Encoder_Start
 .text.HAL_TIM_IRQHandler
                0x0000000008002dc4      0x210 ./Drivers/STM32F1xx_HAL_Driver/Src/stm32f1xx_hal_tim.o
                0x0000000008002dc4                HAL_TIM_IRQHandler
 .text.HAL_TIM_PWM_ConfigChannel
                0x0000000008002fd4      0x184 ./Drivers/STM32F1xx_HAL_Driver/Src/stm32f1xx_hal_tim.o
                0x0000000008002fd4                HAL_TIM_PWM_ConfigChannel
 .text.HAL_TIM_ConfigClockSource
                0x0000000008003158      0x18e ./Drivers/STM32F1xx_HAL_Driver/Src/stm32f1xx_hal_tim.o
                0x0000000008003158                HAL_TIM_ConfigClockSource
 .text.HAL_TIM_OC_DelayElapsedCallback
                0x00000000080032e6       0x12 ./Drivers/STM32F1xx_HAL_Driver/Src/stm32f1xx_hal_tim.o
                0x00000000080032e6                HAL_TIM_OC_DelayElapsedCallback
 .text.HAL_TIM_IC_CaptureCallback
                0x00000000080032f8       0x12 ./Drivers/STM32F1xx_HAL_Driver/Src/stm32f1xx_hal_tim.o
                0x00000000080032f8                HAL_TIM_IC_CaptureCallback
 .text.HAL_TIM_PWM_PulseFinishedCallback
                0x000000000800330a       0x12 ./Drivers/STM32F1xx_HAL_Driver/Src/stm32f1xx_hal_tim.o
                0x000000000800330a                HAL_TIM_PWM_PulseFinishedCallback
 .text.HAL_TIM_TriggerCallback
                0x000000000800331c       0x12 ./Drivers/STM32F1xx_HAL_Driver/Src/stm32f1xx_hal_tim.o
                0x000000000800331c                HAL_TIM_TriggerCallback
 *fill*         0x000000000800332e        0x2 
 .text.TIM_Base_SetConfig
                0x0000000008003330       0xc4 ./Drivers/STM32F1xx_HAL_Driver/Src/stm32f1xx_hal_tim.o
                0x0000000008003330                TIM_Base_SetConfig
 .text.TIM_OC1_SetConfig
                0x00000000080033f4       0xcc ./Drivers/STM32F1xx_HAL_Driver/Src/stm32f1xx_hal_tim.o
 .text.TIM_OC2_SetConfig
                0x00000000080034c0       0xd4 ./Drivers/STM32F1xx_HAL_Driver/Src/stm32f1xx_hal_tim.o
                0x00000000080034c0                TIM_OC2_SetConfig
 .text.TIM_OC3_SetConfig
                0x0000000008003594       0xd4 ./Drivers/STM32F1xx_HAL_Driver/Src/stm32f1xx_hal_tim.o
 .text.TIM_OC4_SetConfig
                0x0000000008003668       0x9c ./Drivers/STM32F1xx_HAL_Driver/Src/stm32f1xx_hal_tim.o
 .text.TIM_TI1_ConfigInputStage
                0x0000000008003704       0x5c ./Drivers/STM32F1xx_HAL_Driver/Src/stm32f1xx_hal_tim.o
 .text.TIM_TI2_ConfigInputStage
                0x0000000008003760       0x5e ./Drivers/STM32F1xx_HAL_Driver/Src/stm32f1xx_hal_tim.o
 .text.TIM_ITRx_SetConfig
                0x00000000080037be       0x34 ./Drivers/STM32F1xx_HAL_Driver/Src/stm32f1xx_hal_tim.o
 .text.TIM_ETR_SetConfig
                0x00000000080037f2       0x3e ./Drivers/STM32F1xx_HAL_Driver/Src/stm32f1xx_hal_tim.o
                0x00000000080037f2                TIM_ETR_SetConfig
 .text.TIM_CCxChannelCmd
                0x0000000008003830       0x48 ./Drivers/STM32F1xx_HAL_Driver/Src/stm32f1xx_hal_tim.o
                0x0000000008003830                TIM_CCxChannelCmd
 .text.HAL_TIMEx_MasterConfigSynchronization
                0x0000000008003878       0xbc ./Drivers/STM32F1xx_HAL_Driver/Src/stm32f1xx_hal_tim_ex.o
                0x0000000008003878                HAL_TIMEx_MasterConfigSynchronization
 .text.HAL_TIMEx_CommutCallback
                0x0000000008003934       0x12 ./Drivers/STM32F1xx_HAL_Driver/Src/stm32f1xx_hal_tim_ex.o
                0x0000000008003934                HAL_TIMEx_CommutCallback
 .text.HAL_TIMEx_BreakCallback
                0x0000000008003946       0x12 ./Drivers/STM32F1xx_HAL_Driver/Src/stm32f1xx_hal_tim_ex.o
                0x0000000008003946                HAL_TIMEx_BreakCallback
 .text.std      0x0000000008003958       0x6c C:/STM32/ST/STM32CubeIDE_1.12.0/STM32CubeIDE/plugins/com.st.stm32cube.ide.mcu.externaltools.gnu-tools-for-stm32.11.3.rel1.win32_1.1.1.202309131626/tools/bin/../lib/gcc/arm-none-eabi/11.3.1/../../../../arm-none-eabi/lib/thumb/v7-m/nofp\libc_nano.a(libc_a-findfp.o)
 .text.stdio_exit_handler
                0x00000000080039c4       0x18 C:/STM32/ST/STM32CubeIDE_1.12.0/STM32CubeIDE/plugins/com.st.stm32cube.ide.mcu.externaltools.gnu-tools-for-stm32.11.3.rel1.win32_1.1.1.202309131626/tools/bin/../lib/gcc/arm-none-eabi/11.3.1/../../../../arm-none-eabi/lib/thumb/v7-m/nofp\libc_nano.a(libc_a-findfp.o)
 .text.cleanup_stdio
                0x00000000080039dc       0x40 C:/STM32/ST/STM32CubeIDE_1.12.0/STM32CubeIDE/plugins/com.st.stm32cube.ide.mcu.externaltools.gnu-tools-for-stm32.11.3.rel1.win32_1.1.1.202309131626/tools/bin/../lib/gcc/arm-none-eabi/11.3.1/../../../../arm-none-eabi/lib/thumb/v7-m/nofp\libc_nano.a(libc_a-findfp.o)
 .text.global_stdio_init.part.0
                0x0000000008003a1c       0x3c C:/STM32/ST/STM32CubeIDE_1.12.0/STM32CubeIDE/plugins/com.st.stm32cube.ide.mcu.externaltools.gnu-tools-for-stm32.11.3.rel1.win32_1.1.1.202309131626/tools/bin/../lib/gcc/arm-none-eabi/11.3.1/../../../../arm-none-eabi/lib/thumb/v7-m/nofp\libc_nano.a(libc_a-findfp.o)
 .text.__sfp_lock_acquire
                0x0000000008003a58        0xc C:/STM32/ST/STM32CubeIDE_1.12.0/STM32CubeIDE/plugins/com.st.stm32cube.ide.mcu.externaltools.gnu-tools-for-stm32.11.3.rel1.win32_1.1.1.202309131626/tools/bin/../lib/gcc/arm-none-eabi/11.3.1/../../../../arm-none-eabi/lib/thumb/v7-m/nofp\libc_nano.a(libc_a-findfp.o)
                0x0000000008003a58                __sfp_lock_acquire
 .text.__sfp_lock_release
                0x0000000008003a64        0xc C:/STM32/ST/STM32CubeIDE_1.12.0/STM32CubeIDE/plugins/com.st.stm32cube.ide.mcu.externaltools.gnu-tools-for-stm32.11.3.rel1.win32_1.1.1.202309131626/tools/bin/../lib/gcc/arm-none-eabi/11.3.1/../../../../arm-none-eabi/lib/thumb/v7-m/nofp\libc_nano.a(libc_a-findfp.o)
                0x0000000008003a64                __sfp_lock_release
 .text.__sinit  0x0000000008003a70       0x30 C:/STM32/ST/STM32CubeIDE_1.12.0/STM32CubeIDE/plugins/com.st.stm32cube.ide.mcu.externaltools.gnu-tools-for-stm32.11.3.rel1.win32_1.1.1.202309131626/tools/bin/../lib/gcc/arm-none-eabi/11.3.1/../../../../arm-none-eabi/lib/thumb/v7-m/nofp\libc_nano.a(libc_a-findfp.o)
                0x0000000008003a70                __sinit
 .text._fwalk_sglue
                0x0000000008003aa0       0x3c C:/STM32/ST/STM32CubeIDE_1.12.0/STM32CubeIDE/plugins/com.st.stm32cube.ide.mcu.externaltools.gnu-tools-for-stm32.11.3.rel1.win32_1.1.1.202309131626/tools/bin/../lib/gcc/arm-none-eabi/11.3.1/../../../../arm-none-eabi/lib/thumb/v7-m/nofp\libc_nano.a(libc_a-fwalk.o)
                0x0000000008003aa0                _fwalk_sglue
 .text.printf   0x0000000008003adc       0x24 C:/STM32/ST/STM32CubeIDE_1.12.0/STM32CubeIDE/plugins/com.st.stm32cube.ide.mcu.externaltools.gnu-tools-for-stm32.11.3.rel1.win32_1.1.1.202309131626/tools/bin/../lib/gcc/arm-none-eabi/11.3.1/../../../../arm-none-eabi/lib/thumb/v7-m/nofp\libc_nano.a(libc_a-printf.o)
                0x0000000008003adc                iprintf
                0x0000000008003adc                printf
 .text.__sread  0x0000000008003b00       0x22 C:/STM32/ST/STM32CubeIDE_1.12.0/STM32CubeIDE/plugins/com.st.stm32cube.ide.mcu.externaltools.gnu-tools-for-stm32.11.3.rel1.win32_1.1.1.202309131626/tools/bin/../lib/gcc/arm-none-eabi/11.3.1/../../../../arm-none-eabi/lib/thumb/v7-m/nofp\libc_nano.a(libc_a-stdio.o)
                0x0000000008003b00                __sread
 .text.__swrite
                0x0000000008003b22       0x38 C:/STM32/ST/STM32CubeIDE_1.12.0/STM32CubeIDE/plugins/com.st.stm32cube.ide.mcu.externaltools.gnu-tools-for-stm32.11.3.rel1.win32_1.1.1.202309131626/tools/bin/../lib/gcc/arm-none-eabi/11.3.1/../../../../arm-none-eabi/lib/thumb/v7-m/nofp\libc_nano.a(libc_a-stdio.o)
                0x0000000008003b22                __swrite
 .text.__sseek  0x0000000008003b5a       0x24 C:/STM32/ST/STM32CubeIDE_1.12.0/STM32CubeIDE/plugins/com.st.stm32cube.ide.mcu.externaltools.gnu-tools-for-stm32.11.3.rel1.win32_1.1.1.202309131626/tools/bin/../lib/gcc/arm-none-eabi/11.3.1/../../../../arm-none-eabi/lib/thumb/v7-m/nofp\libc_nano.a(libc_a-stdio.o)
                0x0000000008003b5a                __sseek
 .text.__sclose
                0x0000000008003b7e        0x8 C:/STM32/ST/STM32CubeIDE_1.12.0/STM32CubeIDE/plugins/com.st.stm32cube.ide.mcu.externaltools.gnu-tools-for-stm32.11.3.rel1.win32_1.1.1.202309131626/tools/bin/../lib/gcc/arm-none-eabi/11.3.1/../../../../arm-none-eabi/lib/thumb/v7-m/nofp\libc_nano.a(libc_a-stdio.o)
                0x0000000008003b7e                __sclose
 .text.memset   0x0000000008003b86       0x10 C:/STM32/ST/STM32CubeIDE_1.12.0/STM32CubeIDE/plugins/com.st.stm32cube.ide.mcu.externaltools.gnu-tools-for-stm32.11.3.rel1.win32_1.1.1.202309131626/tools/bin/../lib/gcc/arm-none-eabi/11.3.1/../../../../arm-none-eabi/lib/thumb/v7-m/nofp\libc_nano.a(libc_a-memset.o)
                0x0000000008003b86                memset
 *fill*         0x0000000008003b96        0x2 
 .text._close_r
                0x0000000008003b98       0x20 C:/STM32/ST/STM32CubeIDE_1.12.0/STM32CubeIDE/plugins/com.st.stm32cube.ide.mcu.externaltools.gnu-tools-for-stm32.11.3.rel1.win32_1.1.1.202309131626/tools/bin/../lib/gcc/arm-none-eabi/11.3.1/../../../../arm-none-eabi/lib/thumb/v7-m/nofp\libc_nano.a(libc_a-closer.o)
                0x0000000008003b98                _close_r
 .text._lseek_r
                0x0000000008003bb8       0x24 C:/STM32/ST/STM32CubeIDE_1.12.0/STM32CubeIDE/plugins/com.st.stm32cube.ide.mcu.externaltools.gnu-tools-for-stm32.11.3.rel1.win32_1.1.1.202309131626/tools/bin/../lib/gcc/arm-none-eabi/11.3.1/../../../../arm-none-eabi/lib/thumb/v7-m/nofp\libc_nano.a(libc_a-lseekr.o)
                0x0000000008003bb8                _lseek_r
 .text._read_r  0x0000000008003bdc       0x24 C:/STM32/ST/STM32CubeIDE_1.12.0/STM32CubeIDE/plugins/com.st.stm32cube.ide.mcu.externaltools.gnu-tools-for-stm32.11.3.rel1.win32_1.1.1.202309131626/tools/bin/../lib/gcc/arm-none-eabi/11.3.1/../../../../arm-none-eabi/lib/thumb/v7-m/nofp\libc_nano.a(libc_a-readr.o)
                0x0000000008003bdc                _read_r
 .text._write_r
                0x0000000008003c00       0x24 C:/STM32/ST/STM32CubeIDE_1.12.0/STM32CubeIDE/plugins/com.st.stm32cube.ide.mcu.externaltools.gnu-tools-for-stm32.11.3.rel1.win32_1.1.1.202309131626/tools/bin/../lib/gcc/arm-none-eabi/11.3.1/../../../../arm-none-eabi/lib/thumb/v7-m/nofp\libc_nano.a(libc_a-writer.o)
                0x0000000008003c00                _write_r
 .text.__errno  0x0000000008003c24        0xc C:/STM32/ST/STM32CubeIDE_1.12.0/STM32CubeIDE/plugins/com.st.stm32cube.ide.mcu.externaltools.gnu-tools-for-stm32.11.3.rel1.win32_1.1.1.202309131626/tools/bin/../lib/gcc/arm-none-eabi/11.3.1/../../../../arm-none-eabi/lib/thumb/v7-m/nofp\libc_nano.a(libc_a-errno.o)
                0x0000000008003c24                __errno
 .text.__libc_init_array
                0x0000000008003c30       0x48 C:/STM32/ST/STM32CubeIDE_1.12.0/STM32CubeIDE/plugins/com.st.stm32cube.ide.mcu.externaltools.gnu-tools-for-stm32.11.3.rel1.win32_1.1.1.202309131626/tools/bin/../lib/gcc/arm-none-eabi/11.3.1/../../../../arm-none-eabi/lib/thumb/v7-m/nofp\libc_nano.a(libc_a-init.o)
                0x0000000008003c30                __libc_init_array
 .text.__retarget_lock_init_recursive
                0x0000000008003c78        0x2 C:/STM32/ST/STM32CubeIDE_1.12.0/STM32CubeIDE/plugins/com.st.stm32cube.ide.mcu.externaltools.gnu-tools-for-stm32.11.3.rel1.win32_1.1.1.202309131626/tools/bin/../lib/gcc/arm-none-eabi/11.3.1/../../../../arm-none-eabi/lib/thumb/v7-m/nofp\libc_nano.a(libc_a-lock.o)
                0x0000000008003c78                __retarget_lock_init_recursive
 .text.__retarget_lock_acquire_recursive
                0x0000000008003c7a        0x2 C:/STM32/ST/STM32CubeIDE_1.12.0/STM32CubeIDE/plugins/com.st.stm32cube.ide.mcu.externaltools.gnu-tools-for-stm32.11.3.rel1.win32_1.1.1.202309131626/tools/bin/../lib/gcc/arm-none-eabi/11.3.1/../../../../arm-none-eabi/lib/thumb/v7-m/nofp\libc_nano.a(libc_a-lock.o)
                0x0000000008003c7a                __retarget_lock_acquire_recursive
 .text.__retarget_lock_release_recursive
                0x0000000008003c7c        0x2 C:/STM32/ST/STM32CubeIDE_1.12.0/STM32CubeIDE/plugins/com.st.stm32cube.ide.mcu.externaltools.gnu-tools-for-stm32.11.3.rel1.win32_1.1.1.202309131626/tools/bin/../lib/gcc/arm-none-eabi/11.3.1/../../../../arm-none-eabi/lib/thumb/v7-m/nofp\libc_nano.a(libc_a-lock.o)
                0x0000000008003c7c                __retarget_lock_release_recursive
 *fill*         0x0000000008003c7e        0x2 
 .text._free_r  0x0000000008003c80       0x90 C:/STM32/ST/STM32CubeIDE_1.12.0/STM32CubeIDE/plugins/com.st.stm32cube.ide.mcu.externaltools.gnu-tools-for-stm32.11.3.rel1.win32_1.1.1.202309131626/tools/bin/../lib/gcc/arm-none-eabi/11.3.1/../../../../arm-none-eabi/lib/thumb/v7-m/nofp\libc_nano.a(libc_a-freer.o)
                0x0000000008003c80                _free_r
 .text.sbrk_aligned
                0x0000000008003d10       0x40 C:/STM32/ST/STM32CubeIDE_1.12.0/STM32CubeIDE/plugins/com.st.stm32cube.ide.mcu.externaltools.gnu-tools-for-stm32.11.3.rel1.win32_1.1.1.202309131626/tools/bin/../lib/gcc/arm-none-eabi/11.3.1/../../../../arm-none-eabi/lib/thumb/v7-m/nofp\libc_nano.a(libc_a-mallocr.o)
 .text._malloc_r
                0x0000000008003d50      0x100 C:/STM32/ST/STM32CubeIDE_1.12.0/STM32CubeIDE/plugins/com.st.stm32cube.ide.mcu.externaltools.gnu-tools-for-stm32.11.3.rel1.win32_1.1.1.202309131626/tools/bin/../lib/gcc/arm-none-eabi/11.3.1/../../../../arm-none-eabi/lib/thumb/v7-m/nofp\libc_nano.a(libc_a-mallocr.o)
                0x0000000008003d50                _malloc_r
 .text.__malloc_lock
                0x0000000008003e50        0xc C:/STM32/ST/STM32CubeIDE_1.12.0/STM32CubeIDE/plugins/com.st.stm32cube.ide.mcu.externaltools.gnu-tools-for-stm32.11.3.rel1.win32_1.1.1.202309131626/tools/bin/../lib/gcc/arm-none-eabi/11.3.1/../../../../arm-none-eabi/lib/thumb/v7-m/nofp\libc_nano.a(libc_a-mlock.o)
                0x0000000008003e50                __malloc_lock
 .text.__malloc_unlock
                0x0000000008003e5c        0xc C:/STM32/ST/STM32CubeIDE_1.12.0/STM32CubeIDE/plugins/com.st.stm32cube.ide.mcu.externaltools.gnu-tools-for-stm32.11.3.rel1.win32_1.1.1.202309131626/tools/bin/../lib/gcc/arm-none-eabi/11.3.1/../../../../arm-none-eabi/lib/thumb/v7-m/nofp\libc_nano.a(libc_a-mlock.o)
                0x0000000008003e5c                __malloc_unlock
 .text.__sfputc_r
                0x0000000008003e68       0x2a C:/STM32/ST/STM32CubeIDE_1.12.0/STM32CubeIDE/plugins/com.st.stm32cube.ide.mcu.externaltools.gnu-tools-for-stm32.11.3.rel1.win32_1.1.1.202309131626/tools/bin/../lib/gcc/arm-none-eabi/11.3.1/../../../../arm-none-eabi/lib/thumb/v7-m/nofp\libc_nano.a(libc_a-nano-vfprintf.o)
 .text.__sfputs_r
                0x0000000008003e92       0x24 C:/STM32/ST/STM32CubeIDE_1.12.0/STM32CubeIDE/plugins/com.st.stm32cube.ide.mcu.externaltools.gnu-tools-for-stm32.11.3.rel1.win32_1.1.1.202309131626/tools/bin/../lib/gcc/arm-none-eabi/11.3.1/../../../../arm-none-eabi/lib/thumb/v7-m/nofp\libc_nano.a(libc_a-nano-vfprintf.o)
                0x0000000008003e92                __sfputs_r
 *fill*         0x0000000008003eb6        0x2 
 .text._vfprintf_r
                0x0000000008003eb8      0x234 C:/STM32/ST/STM32CubeIDE_1.12.0/STM32CubeIDE/plugins/com.st.stm32cube.ide.mcu.externaltools.gnu-tools-for-stm32.11.3.rel1.win32_1.1.1.202309131626/tools/bin/../lib/gcc/arm-none-eabi/11.3.1/../../../../arm-none-eabi/lib/thumb/v7-m/nofp\libc_nano.a(libc_a-nano-vfprintf.o)
                0x0000000008003eb8                _vfprintf_r
                0x0000000008003eb8                _vfiprintf_r
 .text._printf_common
                0x00000000080040ec       0xe4 C:/STM32/ST/STM32CubeIDE_1.12.0/STM32CubeIDE/plugins/com.st.stm32cube.ide.mcu.externaltools.gnu-tools-for-stm32.11.3.rel1.win32_1.1.1.202309131626/tools/bin/../lib/gcc/arm-none-eabi/11.3.1/../../../../arm-none-eabi/lib/thumb/v7-m/nofp\libc_nano.a(libc_a-nano-vfprintf_i.o)
                0x00000000080040ec                _printf_common
 .text._printf_i
                0x00000000080041d0      0x244 C:/STM32/ST/STM32CubeIDE_1.12.0/STM32CubeIDE/plugins/com.st.stm32cube.ide.mcu.externaltools.gnu-tools-for-stm32.11.3.rel1.win32_1.1.1.202309131626/tools/bin/../lib/gcc/arm-none-eabi/11.3.1/../../../../arm-none-eabi/lib/thumb/v7-m/nofp\libc_nano.a(libc_a-nano-vfprintf_i.o)
                0x00000000080041d0                _printf_i
 .text.__sflush_r
                0x0000000008004414      0x104 C:/STM32/ST/STM32CubeIDE_1.12.0/STM32CubeIDE/plugins/com.st.stm32cube.ide.mcu.externaltools.gnu-tools-for-stm32.11.3.rel1.win32_1.1.1.202309131626/tools/bin/../lib/gcc/arm-none-eabi/11.3.1/../../../../arm-none-eabi/lib/thumb/v7-m/nofp\libc_nano.a(libc_a-fflush.o)
                0x0000000008004414                __sflush_r
 .text._fflush_r
                0x0000000008004518       0x50 C:/STM32/ST/STM32CubeIDE_1.12.0/STM32CubeIDE/plugins/com.st.stm32cube.ide.mcu.externaltools.gnu-tools-for-stm32.11.3.rel1.win32_1.1.1.202309131626/tools/bin/../lib/gcc/arm-none-eabi/11.3.1/../../../../arm-none-eabi/lib/thumb/v7-m/nofp\libc_nano.a(libc_a-fflush.o)
                0x0000000008004518                _fflush_r
 .text.__swbuf_r
                0x0000000008004568       0x7a C:/STM32/ST/STM32CubeIDE_1.12.0/STM32CubeIDE/plugins/com.st.stm32cube.ide.mcu.externaltools.gnu-tools-for-stm32.11.3.rel1.win32_1.1.1.202309131626/tools/bin/../lib/gcc/arm-none-eabi/11.3.1/../../../../arm-none-eabi/lib/thumb/v7-m/nofp\libc_nano.a(libc_a-wbuf.o)
                0x0000000008004568                __swbuf_r
 *fill*         0x00000000080045e2        0x2 
 .text.__swsetup_r
                0x00000000080045e4       0xb0 C:/STM32/ST/STM32CubeIDE_1.12.0/STM32CubeIDE/plugins/com.st.stm32cube.ide.mcu.externaltools.gnu-tools-for-stm32.11.3.rel1.win32_1.1.1.202309131626/tools/bin/../lib/gcc/arm-none-eabi/11.3.1/../../../../arm-none-eabi/lib/thumb/v7-m/nofp\libc_nano.a(libc_a-wsetup.o)
                0x00000000080045e4                __swsetup_r
 .text._sbrk_r  0x0000000008004694       0x20 C:/STM32/ST/STM32CubeIDE_1.12.0/STM32CubeIDE/plugins/com.st.stm32cube.ide.mcu.externaltools.gnu-tools-for-stm32.11.3.rel1.win32_1.1.1.202309131626/tools/bin/../lib/gcc/arm-none-eabi/11.3.1/../../../../arm-none-eabi/lib/thumb/v7-m/nofp\libc_nano.a(libc_a-sbrkr.o)
                0x0000000008004694                _sbrk_r
 .text.memchr   0x00000000080046b4       0x1c C:/STM32/ST/STM32CubeIDE_1.12.0/STM32CubeIDE/plugins/com.st.stm32cube.ide.mcu.externaltools.gnu-tools-for-stm32.11.3.rel1.win32_1.1.1.202309131626/tools/bin/../lib/gcc/arm-none-eabi/11.3.1/../../../../arm-none-eabi/lib/thumb/v7-m/nofp\libc_nano.a(libc_a-memchr-stub.o)
                0x00000000080046b4                memchr
 .text.__swhatbuf_r
                0x00000000080046d0       0x4a C:/STM32/ST/STM32CubeIDE_1.12.0/STM32CubeIDE/plugins/com.st.stm32cube.ide.mcu.externaltools.gnu-tools-for-stm32.11.3.rel1.win32_1.1.1.202309131626/tools/bin/../lib/gcc/arm-none-eabi/11.3.1/../../../../arm-none-eabi/lib/thumb/v7-m/nofp\libc_nano.a(libc_a-makebuf.o)
                0x00000000080046d0                __swhatbuf_r
 .text.__smakebuf_r
                0x000000000800471a       0x78 C:/STM32/ST/STM32CubeIDE_1.12.0/STM32CubeIDE/plugins/com.st.stm32cube.ide.mcu.externaltools.gnu-tools-for-stm32.11.3.rel1.win32_1.1.1.202309131626/tools/bin/../lib/gcc/arm-none-eabi/11.3.1/../../../../arm-none-eabi/lib/thumb/v7-m/nofp\libc_nano.a(libc_a-makebuf.o)
                0x000000000800471a                __smakebuf_r
 *fill*         0x0000000008004792        0x2 
 .text._fstat_r
                0x0000000008004794       0x24 C:/STM32/ST/STM32CubeIDE_1.12.0/STM32CubeIDE/plugins/com.st.stm32cube.ide.mcu.externaltools.gnu-tools-for-stm32.11.3.rel1.win32_1.1.1.202309131626/tools/bin/../lib/gcc/arm-none-eabi/11.3.1/../../../../arm-none-eabi/lib/thumb/v7-m/nofp\libc_nano.a(libc_a-fstatr.o)
                0x0000000008004794                _fstat_r
 .text._isatty_r
                0x00000000080047b8       0x20 C:/STM32/ST/STM32CubeIDE_1.12.0/STM32CubeIDE/plugins/com.st.stm32cube.ide.mcu.externaltools.gnu-tools-for-stm32.11.3.rel1.win32_1.1.1.202309131626/tools/bin/../lib/gcc/arm-none-eabi/11.3.1/../../../../arm-none-eabi/lib/thumb/v7-m/nofp\libc_nano.a(libc_a-isattyr.o)
                0x00000000080047b8                _isatty_r
 *(.glue_7)
 .glue_7        0x00000000080047d8        0x0 linker stubs
 *(.glue_7t)
 .glue_7t       0x00000000080047d8        0x0 linker stubs
 *(.eh_frame)
 .eh_frame      0x00000000080047d8        0x0 C:/STM32/ST/STM32CubeIDE_1.12.0/STM32CubeIDE/plugins/com.st.stm32cube.ide.mcu.externaltools.gnu-tools-for-stm32.11.3.rel1.win32_1.1.1.202309131626/tools/bin/../lib/gcc/arm-none-eabi/11.3.1/thumb/v7-m/nofp/crtbegin.o
 *(.init)
 .init          0x00000000080047d8        0x4 C:/STM32/ST/STM32CubeIDE_1.12.0/STM32CubeIDE/plugins/com.st.stm32cube.ide.mcu.externaltools.gnu-tools-for-stm32.11.3.rel1.win32_1.1.1.202309131626/tools/bin/../lib/gcc/arm-none-eabi/11.3.1/thumb/v7-m/nofp/crti.o
                0x00000000080047d8                _init
 .init          0x00000000080047dc        0x8 C:/STM32/ST/STM32CubeIDE_1.12.0/STM32CubeIDE/plugins/com.st.stm32cube.ide.mcu.externaltools.gnu-tools-for-stm32.11.3.rel1.win32_1.1.1.202309131626/tools/bin/../lib/gcc/arm-none-eabi/11.3.1/thumb/v7-m/nofp/crtn.o
 *(.fini)
 .fini          0x00000000080047e4        0x4 C:/STM32/ST/STM32CubeIDE_1.12.0/STM32CubeIDE/plugins/com.st.stm32cube.ide.mcu.externaltools.gnu-tools-for-stm32.11.3.rel1.win32_1.1.1.202309131626/tools/bin/../lib/gcc/arm-none-eabi/11.3.1/thumb/v7-m/nofp/crti.o
                0x00000000080047e4                _fini
 .fini          0x00000000080047e8        0x8 C:/STM32/ST/STM32CubeIDE_1.12.0/STM32CubeIDE/plugins/com.st.stm32cube.ide.mcu.externaltools.gnu-tools-for-stm32.11.3.rel1.win32_1.1.1.202309131626/tools/bin/../lib/gcc/arm-none-eabi/11.3.1/thumb/v7-m/nofp/crtn.o
                0x00000000080047f0                . = ALIGN (0x4)
                0x00000000080047f0                _etext = .

.vfp11_veneer   0x00000000080047f0        0x0
 .vfp11_veneer  0x00000000080047f0        0x0 linker stubs

.v4_bx          0x00000000080047f0        0x0
 .v4_bx         0x00000000080047f0        0x0 linker stubs

.iplt           0x00000000080047f0        0x0
 .iplt          0x00000000080047f0        0x0 C:/STM32/ST/STM32CubeIDE_1.12.0/STM32CubeIDE/plugins/com.st.stm32cube.ide.mcu.externaltools.gnu-tools-for-stm32.11.3.rel1.win32_1.1.1.202309131626/tools/bin/../lib/gcc/arm-none-eabi/11.3.1/thumb/v7-m/nofp/crtbegin.o

.rodata         0x00000000080047f0       0x78
                0x00000000080047f0                . = ALIGN (0x4)
 *(.rodata)
 .rodata        0x00000000080047f0       0x20 ./Core/Src/main.o
 *(.rodata*)
 .rodata.AHBPrescTable
                0x0000000008004810       0x10 ./Core/Src/system_stm32f1xx.o
                0x0000000008004810                AHBPrescTable
 .rodata.aPLLMULFactorTable.1
                0x0000000008004820       0x10 ./Drivers/STM32F1xx_HAL_Driver/Src/stm32f1xx_hal_rcc.o
 .rodata.aPredivFactorTable.0
                0x0000000008004830        0x2 ./Drivers/STM32F1xx_HAL_Driver/Src/stm32f1xx_hal_rcc.o
 .rodata._vfprintf_r.str1.1
                0x0000000008004832       0x11 C:/STM32/ST/STM32CubeIDE_1.12.0/STM32CubeIDE/plugins/com.st.stm32cube.ide.mcu.externaltools.gnu-tools-for-stm32.11.3.rel1.win32_1.1.1.202309131626/tools/bin/../lib/gcc/arm-none-eabi/11.3.1/../../../../arm-none-eabi/lib/thumb/v7-m/nofp\libc_nano.a(libc_a-nano-vfprintf.o)
 .rodata._printf_i.str1.1
                0x0000000008004843       0x22 C:/STM32/ST/STM32CubeIDE_1.12.0/STM32CubeIDE/plugins/com.st.stm32cube.ide.mcu.externaltools.gnu-tools-for-stm32.11.3.rel1.win32_1.1.1.202309131626/tools/bin/../lib/gcc/arm-none-eabi/11.3.1/../../../../arm-none-eabi/lib/thumb/v7-m/nofp\libc_nano.a(libc_a-nano-vfprintf_i.o)
                0x0000000008004868                . = ALIGN (0x4)
 *fill*         0x0000000008004865        0x3 

.rel.dyn        0x0000000008004868        0x0
 .rel.iplt      0x0000000008004868        0x0 C:/STM32/ST/STM32CubeIDE_1.12.0/STM32CubeIDE/plugins/com.st.stm32cube.ide.mcu.externaltools.gnu-tools-for-stm32.11.3.rel1.win32_1.1.1.202309131626/tools/bin/../lib/gcc/arm-none-eabi/11.3.1/thumb/v7-m/nofp/crtbegin.o

.ARM.extab      0x0000000008004868        0x0
                0x0000000008004868                . = ALIGN (0x4)
 *(.ARM.extab* .gnu.linkonce.armextab.*)
                0x0000000008004868                . = ALIGN (0x4)

.ARM            0x0000000008004868        0x0
                0x0000000008004868                . = ALIGN (0x4)
                0x0000000008004868                __exidx_start = .
 *(.ARM.exidx*)
                0x0000000008004868                __exidx_end = .
                0x0000000008004868                . = ALIGN (0x4)

.preinit_array  0x0000000008004868        0x0
                0x0000000008004868                . = ALIGN (0x4)
                0x0000000008004868                PROVIDE (__preinit_array_start = .)
 *(.preinit_array*)
                0x0000000008004868                PROVIDE (__preinit_array_end = .)
                0x0000000008004868                . = ALIGN (0x4)

.init_array     0x0000000008004868        0x4
                0x0000000008004868                . = ALIGN (0x4)
                0x0000000008004868                PROVIDE (__init_array_start = .)
 *(SORT_BY_NAME(.init_array.*))
 *(.init_array*)
 .init_array    0x0000000008004868        0x4 C:/STM32/ST/STM32CubeIDE_1.12.0/STM32CubeIDE/plugins/com.st.stm32cube.ide.mcu.externaltools.gnu-tools-for-stm32.11.3.rel1.win32_1.1.1.202309131626/tools/bin/../lib/gcc/arm-none-eabi/11.3.1/thumb/v7-m/nofp/crtbegin.o
                0x000000000800486c                PROVIDE (__init_array_end = .)
                0x000000000800486c                . = ALIGN (0x4)

.fini_array     0x000000000800486c        0x4
                0x000000000800486c                . = ALIGN (0x4)
                [!provide]                        PROVIDE (__fini_array_start = .)
 *(SORT_BY_NAME(.fini_array.*))
 *(.fini_array*)
 .fini_array    0x000000000800486c        0x4 C:/STM32/ST/STM32CubeIDE_1.12.0/STM32CubeIDE/plugins/com.st.stm32cube.ide.mcu.externaltools.gnu-tools-for-stm32.11.3.rel1.win32_1.1.1.202309131626/tools/bin/../lib/gcc/arm-none-eabi/11.3.1/thumb/v7-m/nofp/crtbegin.o
                [!provide]                        PROVIDE (__fini_array_end = .)
                0x0000000008004870                . = ALIGN (0x4)
                0x0000000008004870                _sidata = LOADADDR (.data)

.data           0x0000000020000000       0x68 load address 0x0000000008004870
                0x0000000020000000                . = ALIGN (0x4)
                0x0000000020000000                _sdata = .
 *(.data)
 *(.data*)
 .data.SystemCoreClock
                0x0000000020000000        0x4 ./Core/Src/system_stm32f1xx.o
                0x0000000020000000                SystemCoreClock
 .data.uwTickPrio
                0x0000000020000004        0x4 ./Drivers/STM32F1xx_HAL_Driver/Src/stm32f1xx_hal.o
                0x0000000020000004                uwTickPrio
 .data.uwTickFreq
                0x0000000020000008        0x1 ./Drivers/STM32F1xx_HAL_Driver/Src/stm32f1xx_hal.o
                0x0000000020000008                uwTickFreq
 *fill*         0x0000000020000009        0x3 
 .data.__sglue  0x000000002000000c        0xc C:/STM32/ST/STM32CubeIDE_1.12.0/STM32CubeIDE/plugins/com.st.stm32cube.ide.mcu.externaltools.gnu-tools-for-stm32.11.3.rel1.win32_1.1.1.202309131626/tools/bin/../lib/gcc/arm-none-eabi/11.3.1/../../../../arm-none-eabi/lib/thumb/v7-m/nofp\libc_nano.a(libc_a-findfp.o)
                0x000000002000000c                __sglue
 .data._impure_data
                0x0000000020000018       0x4c C:/STM32/ST/STM32CubeIDE_1.12.0/STM32CubeIDE/plugins/com.st.stm32cube.ide.mcu.externaltools.gnu-tools-for-stm32.11.3.rel1.win32_1.1.1.202309131626/tools/bin/../lib/gcc/arm-none-eabi/11.3.1/../../../../arm-none-eabi/lib/thumb/v7-m/nofp\libc_nano.a(libc_a-impure.o)
                0x0000000020000018                _impure_data
 .data._impure_ptr
                0x0000000020000064        0x4 C:/STM32/ST/STM32CubeIDE_1.12.0/STM32CubeIDE/plugins/com.st.stm32cube.ide.mcu.externaltools.gnu-tools-for-stm32.11.3.rel1.win32_1.1.1.202309131626/tools/bin/../lib/gcc/arm-none-eabi/11.3.1/../../../../arm-none-eabi/lib/thumb/v7-m/nofp\libc_nano.a(libc_a-impure.o)
                0x0000000020000064                _impure_ptr
 *(.RamFunc)
 *(.RamFunc*)
                0x0000000020000068                . = ALIGN (0x4)
                0x0000000020000068                _edata = .

.igot.plt       0x0000000020000068        0x0 load address 0x00000000080048d8
 .igot.plt      0x0000000020000068        0x0 C:/STM32/ST/STM32CubeIDE_1.12.0/STM32CubeIDE/plugins/com.st.stm32cube.ide.mcu.externaltools.gnu-tools-for-stm32.11.3.rel1.win32_1.1.1.202309131626/tools/bin/../lib/gcc/arm-none-eabi/11.3.1/thumb/v7-m/nofp/crtbegin.o
                0x0000000020000068                . = ALIGN (0x4)

.bss            0x0000000020000068      0x29c load address 0x00000000080048d8
                0x0000000020000068                _sbss = .
                0x0000000020000068                __bss_start__ = _sbss
 *(.bss)
 .bss           0x0000000020000068       0x1c C:/STM32/ST/STM32CubeIDE_1.12.0/STM32CubeIDE/plugins/com.st.stm32cube.ide.mcu.externaltools.gnu-tools-for-stm32.11.3.rel1.win32_1.1.1.202309131626/tools/bin/../lib/gcc/arm-none-eabi/11.3.1/thumb/v7-m/nofp/crtbegin.o
 *(.bss*)
 .bss.MPID      0x0000000020000084       0x38 ./Core/Src/main.o
                0x0000000020000084                MPID
 .bss.count     0x00000000200000bc        0x2 ./Core/Src/main.o
                0x00000000200000bc                count
 *fill*         0x00000000200000be        0x2 
 .bss.diff      0x00000000200000c0        0x4 ./Core/Src/main.o
                0x00000000200000c0                diff
 .bss.speedM    0x00000000200000c4        0x4 ./Core/Src/main.o
                0x00000000200000c4                speedM
 .bss.rdps      0x00000000200000c8        0x4 ./Core/Src/main.o
                0x00000000200000c8                rdps
 .bss.count_state
                0x00000000200000cc        0x1 ./Core/Src/main.o
                0x00000000200000cc                count_state
 *fill*         0x00000000200000cd        0x1 
 .bss.new_count
                0x00000000200000ce        0x2 ./Core/Src/main.o
                0x00000000200000ce                new_count
 .bss.counter   0x00000000200000d0        0x1 ./Core/Src/main.o
                0x00000000200000d0                counter
 *fill*         0x00000000200000d1        0x3 
 .bss.pwm       0x00000000200000d4        0x4 ./Core/Src/main.o
                0x00000000200000d4                pwm
 .bss.__sbrk_heap_end
                0x00000000200000d8        0x4 ./Core/Src/sysmem.o
 .bss.htim2     0x00000000200000dc       0x48 ./Core/Src/tim.o
                0x00000000200000dc                htim2
 .bss.htim3     0x0000000020000124       0x48 ./Core/Src/tim.o
                0x0000000020000124                htim3
 .bss.htim4     0x000000002000016c       0x48 ./Core/Src/tim.o
                0x000000002000016c                htim4
 .bss.uwTick    0x00000000200001b4        0x4 ./Drivers/STM32F1xx_HAL_Driver/Src/stm32f1xx_hal.o
                0x00000000200001b4                uwTick
 .bss.__sf      0x00000000200001b8      0x138 C:/STM32/ST/STM32CubeIDE_1.12.0/STM32CubeIDE/plugins/com.st.stm32cube.ide.mcu.externaltools.gnu-tools-for-stm32.11.3.rel1.win32_1.1.1.202309131626/tools/bin/../lib/gcc/arm-none-eabi/11.3.1/../../../../arm-none-eabi/lib/thumb/v7-m/nofp\libc_nano.a(libc_a-findfp.o)
                0x00000000200001b8                __sf
 .bss.__stdio_exit_handler
                0x00000000200002f0        0x4 C:/STM32/ST/STM32CubeIDE_1.12.0/STM32CubeIDE/plugins/com.st.stm32cube.ide.mcu.externaltools.gnu-tools-for-stm32.11.3.rel1.win32_1.1.1.202309131626/tools/bin/../lib/gcc/arm-none-eabi/11.3.1/../../../../arm-none-eabi/lib/thumb/v7-m/nofp\libc_nano.a(libc_a-findfp.o)
                0x00000000200002f0                __stdio_exit_handler
 .bss.errno     0x00000000200002f4        0x4 C:/STM32/ST/STM32CubeIDE_1.12.0/STM32CubeIDE/plugins/com.st.stm32cube.ide.mcu.externaltools.gnu-tools-for-stm32.11.3.rel1.win32_1.1.1.202309131626/tools/bin/../lib/gcc/arm-none-eabi/11.3.1/../../../../arm-none-eabi/lib/thumb/v7-m/nofp\libc_nano.a(libc_a-reent.o)
                0x00000000200002f4                errno
 .bss.__lock___malloc_recursive_mutex
                0x00000000200002f8        0x1 C:/STM32/ST/STM32CubeIDE_1.12.0/STM32CubeIDE/plugins/com.st.stm32cube.ide.mcu.externaltools.gnu-tools-for-stm32.11.3.rel1.win32_1.1.1.202309131626/tools/bin/../lib/gcc/arm-none-eabi/11.3.1/../../../../arm-none-eabi/lib/thumb/v7-m/nofp\libc_nano.a(libc_a-lock.o)
                0x00000000200002f8                __lock___malloc_recursive_mutex
 .bss.__lock___sfp_recursive_mutex
                0x00000000200002f9        0x1 C:/STM32/ST/STM32CubeIDE_1.12.0/STM32CubeIDE/plugins/com.st.stm32cube.ide.mcu.externaltools.gnu-tools-for-stm32.11.3.rel1.win32_1.1.1.202309131626/tools/bin/../lib/gcc/arm-none-eabi/11.3.1/../../../../arm-none-eabi/lib/thumb/v7-m/nofp\libc_nano.a(libc_a-lock.o)
                0x00000000200002f9                __lock___sfp_recursive_mutex
 *fill*         0x00000000200002fa        0x2 
 .bss.__malloc_free_list
                0x00000000200002fc        0x4 C:/STM32/ST/STM32CubeIDE_1.12.0/STM32CubeIDE/plugins/com.st.stm32cube.ide.mcu.externaltools.gnu-tools-for-stm32.11.3.rel1.win32_1.1.1.202309131626/tools/bin/../lib/gcc/arm-none-eabi/11.3.1/../../../../arm-none-eabi/lib/thumb/v7-m/nofp\libc_nano.a(libc_a-mallocr.o)
                0x00000000200002fc                __malloc_free_list
 .bss.__malloc_sbrk_start
                0x0000000020000300        0x4 C:/STM32/ST/STM32CubeIDE_1.12.0/STM32CubeIDE/plugins/com.st.stm32cube.ide.mcu.externaltools.gnu-tools-for-stm32.11.3.rel1.win32_1.1.1.202309131626/tools/bin/../lib/gcc/arm-none-eabi/11.3.1/../../../../arm-none-eabi/lib/thumb/v7-m/nofp\libc_nano.a(libc_a-mallocr.o)
                0x0000000020000300                __malloc_sbrk_start
 *(COMMON)
                0x0000000020000304                . = ALIGN (0x4)
                0x0000000020000304                _ebss = .
                0x0000000020000304                __bss_end__ = _ebss

._user_heap_stack
                0x0000000020000304      0x604 load address 0x00000000080048d8
                0x0000000020000308                . = ALIGN (0x8)
 *fill*         0x0000000020000304        0x4 
                [!provide]                        PROVIDE (end = .)
                0x0000000020000308                PROVIDE (_end = .)
                0x0000000020000508                . = (. + _Min_Heap_Size)
 *fill*         0x0000000020000308      0x200 
                0x0000000020000908                . = (. + _Min_Stack_Size)
 *fill*         0x0000000020000508      0x400 
                0x0000000020000908                . = ALIGN (0x8)

/DISCARD/
 libc.a(*)
 libm.a(*)
 libgcc.a(*)

.ARM.attributes
                0x0000000000000000       0x29
 *(.ARM.attributes)
 .ARM.attributes
                0x0000000000000000       0x1d C:/STM32/ST/STM32CubeIDE_1.12.0/STM32CubeIDE/plugins/com.st.stm32cube.ide.mcu.externaltools.gnu-tools-for-stm32.11.3.rel1.win32_1.1.1.202309131626/tools/bin/../lib/gcc/arm-none-eabi/11.3.1/thumb/v7-m/nofp/crti.o
 .ARM.attributes
                0x000000000000001d       0x2d C:/STM32/ST/STM32CubeIDE_1.12.0/STM32CubeIDE/plugins/com.st.stm32cube.ide.mcu.externaltools.gnu-tools-for-stm32.11.3.rel1.win32_1.1.1.202309131626/tools/bin/../lib/gcc/arm-none-eabi/11.3.1/thumb/v7-m/nofp/crtbegin.o
 .ARM.attributes
                0x000000000000004a       0x2d ./Core/Src/PID.o
 .ARM.attributes
                0x0000000000000077       0x2d ./Core/Src/gpio.o
 .ARM.attributes
                0x00000000000000a4       0x2d ./Core/Src/main.o
 .ARM.attributes
                0x00000000000000d1       0x2d ./Core/Src/stm32f1xx_hal_msp.o
 .ARM.attributes
                0x00000000000000fe       0x2d ./Core/Src/stm32f1xx_it.o
 .ARM.attributes
                0x000000000000012b       0x2d ./Core/Src/syscalls.o
 .ARM.attributes
                0x0000000000000158       0x2d ./Core/Src/sysmem.o
 .ARM.attributes
                0x0000000000000185       0x2d ./Core/Src/system_stm32f1xx.o
 .ARM.attributes
                0x00000000000001b2       0x2d ./Core/Src/tim.o
 .ARM.attributes
                0x00000000000001df       0x21 ./Core/Startup/startup_stm32f103c8tx.o
 .ARM.attributes
                0x0000000000000200       0x2d ./Drivers/STM32F1xx_HAL_Driver/Src/stm32f1xx_hal.o
 .ARM.attributes
                0x000000000000022d       0x2d ./Drivers/STM32F1xx_HAL_Driver/Src/stm32f1xx_hal_cortex.o
 .ARM.attributes
                0x000000000000025a       0x2d ./Drivers/STM32F1xx_HAL_Driver/Src/stm32f1xx_hal_gpio.o
 .ARM.attributes
                0x0000000000000287       0x2d ./Drivers/STM32F1xx_HAL_Driver/Src/stm32f1xx_hal_rcc.o
 .ARM.attributes
                0x00000000000002b4       0x2d ./Drivers/STM32F1xx_HAL_Driver/Src/stm32f1xx_hal_tim.o
 .ARM.attributes
                0x00000000000002e1       0x2d ./Drivers/STM32F1xx_HAL_Driver/Src/stm32f1xx_hal_tim_ex.o
 .ARM.attributes
                0x000000000000030e       0x2d C:/STM32/ST/STM32CubeIDE_1.12.0/STM32CubeIDE/plugins/com.st.stm32cube.ide.mcu.externaltools.gnu-tools-for-stm32.11.3.rel1.win32_1.1.1.202309131626/tools/bin/../lib/gcc/arm-none-eabi/11.3.1/../../../../arm-none-eabi/lib/thumb/v7-m/nofp\libc_nano.a(libc_a-findfp.o)
 .ARM.attributes
                0x000000000000033b       0x2d C:/STM32/ST/STM32CubeIDE_1.12.0/STM32CubeIDE/plugins/com.st.stm32cube.ide.mcu.externaltools.gnu-tools-for-stm32.11.3.rel1.win32_1.1.1.202309131626/tools/bin/../lib/gcc/arm-none-eabi/11.3.1/../../../../arm-none-eabi/lib/thumb/v7-m/nofp\libc_nano.a(libc_a-fwalk.o)
 .ARM.attributes
                0x0000000000000368       0x2d C:/STM32/ST/STM32CubeIDE_1.12.0/STM32CubeIDE/plugins/com.st.stm32cube.ide.mcu.externaltools.gnu-tools-for-stm32.11.3.rel1.win32_1.1.1.202309131626/tools/bin/../lib/gcc/arm-none-eabi/11.3.1/../../../../arm-none-eabi/lib/thumb/v7-m/nofp\libc_nano.a(libc_a-printf.o)
 .ARM.attributes
                0x0000000000000395       0x2d C:/STM32/ST/STM32CubeIDE_1.12.0/STM32CubeIDE/plugins/com.st.stm32cube.ide.mcu.externaltools.gnu-tools-for-stm32.11.3.rel1.win32_1.1.1.202309131626/tools/bin/../lib/gcc/arm-none-eabi/11.3.1/../../../../arm-none-eabi/lib/thumb/v7-m/nofp\libc_nano.a(libc_a-stdio.o)
 .ARM.attributes
                0x00000000000003c2       0x2d C:/STM32/ST/STM32CubeIDE_1.12.0/STM32CubeIDE/plugins/com.st.stm32cube.ide.mcu.externaltools.gnu-tools-for-stm32.11.3.rel1.win32_1.1.1.202309131626/tools/bin/../lib/gcc/arm-none-eabi/11.3.1/../../../../arm-none-eabi/lib/thumb/v7-m/nofp\libc_nano.a(libc_a-memset.o)
 .ARM.attributes
                0x00000000000003ef       0x2d C:/STM32/ST/STM32CubeIDE_1.12.0/STM32CubeIDE/plugins/com.st.stm32cube.ide.mcu.externaltools.gnu-tools-for-stm32.11.3.rel1.win32_1.1.1.202309131626/tools/bin/../lib/gcc/arm-none-eabi/11.3.1/../../../../arm-none-eabi/lib/thumb/v7-m/nofp\libc_nano.a(libc_a-closer.o)
 .ARM.attributes
                0x000000000000041c       0x2d C:/STM32/ST/STM32CubeIDE_1.12.0/STM32CubeIDE/plugins/com.st.stm32cube.ide.mcu.externaltools.gnu-tools-for-stm32.11.3.rel1.win32_1.1.1.202309131626/tools/bin/../lib/gcc/arm-none-eabi/11.3.1/../../../../arm-none-eabi/lib/thumb/v7-m/nofp\libc_nano.a(libc_a-reent.o)
 .ARM.attributes
                0x0000000000000449       0x2d C:/STM32/ST/STM32CubeIDE_1.12.0/STM32CubeIDE/plugins/com.st.stm32cube.ide.mcu.externaltools.gnu-tools-for-stm32.11.3.rel1.win32_1.1.1.202309131626/tools/bin/../lib/gcc/arm-none-eabi/11.3.1/../../../../arm-none-eabi/lib/thumb/v7-m/nofp\libc_nano.a(libc_a-impure.o)
 .ARM.attributes
                0x0000000000000476       0x2d C:/STM32/ST/STM32CubeIDE_1.12.0/STM32CubeIDE/plugins/com.st.stm32cube.ide.mcu.externaltools.gnu-tools-for-stm32.11.3.rel1.win32_1.1.1.202309131626/tools/bin/../lib/gcc/arm-none-eabi/11.3.1/../../../../arm-none-eabi/lib/thumb/v7-m/nofp\libc_nano.a(libc_a-lseekr.o)
 .ARM.attributes
                0x00000000000004a3       0x2d C:/STM32/ST/STM32CubeIDE_1.12.0/STM32CubeIDE/plugins/com.st.stm32cube.ide.mcu.externaltools.gnu-tools-for-stm32.11.3.rel1.win32_1.1.1.202309131626/tools/bin/../lib/gcc/arm-none-eabi/11.3.1/../../../../arm-none-eabi/lib/thumb/v7-m/nofp\libc_nano.a(libc_a-readr.o)
 .ARM.attributes
                0x00000000000004d0       0x2d C:/STM32/ST/STM32CubeIDE_1.12.0/STM32CubeIDE/plugins/com.st.stm32cube.ide.mcu.externaltools.gnu-tools-for-stm32.11.3.rel1.win32_1.1.1.202309131626/tools/bin/../lib/gcc/arm-none-eabi/11.3.1/../../../../arm-none-eabi/lib/thumb/v7-m/nofp\libc_nano.a(libc_a-writer.o)
 .ARM.attributes
                0x00000000000004fd       0x2d C:/STM32/ST/STM32CubeIDE_1.12.0/STM32CubeIDE/plugins/com.st.stm32cube.ide.mcu.externaltools.gnu-tools-for-stm32.11.3.rel1.win32_1.1.1.202309131626/tools/bin/../lib/gcc/arm-none-eabi/11.3.1/../../../../arm-none-eabi/lib/thumb/v7-m/nofp\libc_nano.a(libc_a-errno.o)
 .ARM.attributes
                0x000000000000052a       0x2d C:/STM32/ST/STM32CubeIDE_1.12.0/STM32CubeIDE/plugins/com.st.stm32cube.ide.mcu.externaltools.gnu-tools-for-stm32.11.3.rel1.win32_1.1.1.202309131626/tools/bin/../lib/gcc/arm-none-eabi/11.3.1/../../../../arm-none-eabi/lib/thumb/v7-m/nofp\libc_nano.a(libc_a-init.o)
 .ARM.attributes
                0x0000000000000557       0x2d C:/STM32/ST/STM32CubeIDE_1.12.0/STM32CubeIDE/plugins/com.st.stm32cube.ide.mcu.externaltools.gnu-tools-for-stm32.11.3.rel1.win32_1.1.1.202309131626/tools/bin/../lib/gcc/arm-none-eabi/11.3.1/../../../../arm-none-eabi/lib/thumb/v7-m/nofp\libc_nano.a(libc_a-lock.o)
 .ARM.attributes
                0x0000000000000584       0x2d C:/STM32/ST/STM32CubeIDE_1.12.0/STM32CubeIDE/plugins/com.st.stm32cube.ide.mcu.externaltools.gnu-tools-for-stm32.11.3.rel1.win32_1.1.1.202309131626/tools/bin/../lib/gcc/arm-none-eabi/11.3.1/../../../../arm-none-eabi/lib/thumb/v7-m/nofp\libc_nano.a(libc_a-freer.o)
 .ARM.attributes
                0x00000000000005b1       0x2d C:/STM32/ST/STM32CubeIDE_1.12.0/STM32CubeIDE/plugins/com.st.stm32cube.ide.mcu.externaltools.gnu-tools-for-stm32.11.3.rel1.win32_1.1.1.202309131626/tools/bin/../lib/gcc/arm-none-eabi/11.3.1/../../../../arm-none-eabi/lib/thumb/v7-m/nofp\libc_nano.a(libc_a-mallocr.o)
 .ARM.attributes
                0x00000000000005de       0x2d C:/STM32/ST/STM32CubeIDE_1.12.0/STM32CubeIDE/plugins/com.st.stm32cube.ide.mcu.externaltools.gnu-tools-for-stm32.11.3.rel1.win32_1.1.1.202309131626/tools/bin/../lib/gcc/arm-none-eabi/11.3.1/../../../../arm-none-eabi/lib/thumb/v7-m/nofp\libc_nano.a(libc_a-mlock.o)
 .ARM.attributes
                0x000000000000060b       0x2d C:/STM32/ST/STM32CubeIDE_1.12.0/STM32CubeIDE/plugins/com.st.stm32cube.ide.mcu.externaltools.gnu-tools-for-stm32.11.3.rel1.win32_1.1.1.202309131626/tools/bin/../lib/gcc/arm-none-eabi/11.3.1/../../../../arm-none-eabi/lib/thumb/v7-m/nofp\libc_nano.a(libc_a-nano-vfprintf.o)
 .ARM.attributes
                0x0000000000000638       0x2d C:/STM32/ST/STM32CubeIDE_1.12.0/STM32CubeIDE/plugins/com.st.stm32cube.ide.mcu.externaltools.gnu-tools-for-stm32.11.3.rel1.win32_1.1.1.202309131626/tools/bin/../lib/gcc/arm-none-eabi/11.3.1/../../../../arm-none-eabi/lib/thumb/v7-m/nofp\libc_nano.a(libc_a-nano-vfprintf_i.o)
 .ARM.attributes
                0x0000000000000665       0x2d C:/STM32/ST/STM32CubeIDE_1.12.0/STM32CubeIDE/plugins/com.st.stm32cube.ide.mcu.externaltools.gnu-tools-for-stm32.11.3.rel1.win32_1.1.1.202309131626/tools/bin/../lib/gcc/arm-none-eabi/11.3.1/../../../../arm-none-eabi/lib/thumb/v7-m/nofp\libc_nano.a(libc_a-fflush.o)
 .ARM.attributes
                0x0000000000000692       0x2d C:/STM32/ST/STM32CubeIDE_1.12.0/STM32CubeIDE/plugins/com.st.stm32cube.ide.mcu.externaltools.gnu-tools-for-stm32.11.3.rel1.win32_1.1.1.202309131626/tools/bin/../lib/gcc/arm-none-eabi/11.3.1/../../../../arm-none-eabi/lib/thumb/v7-m/nofp\libc_nano.a(libc_a-wbuf.o)
 .ARM.attributes
                0x00000000000006bf       0x2d C:/STM32/ST/STM32CubeIDE_1.12.0/STM32CubeIDE/plugins/com.st.stm32cube.ide.mcu.externaltools.gnu-tools-for-stm32.11.3.rel1.win32_1.1.1.202309131626/tools/bin/../lib/gcc/arm-none-eabi/11.3.1/../../../../arm-none-eabi/lib/thumb/v7-m/nofp\libc_nano.a(libc_a-wsetup.o)
 .ARM.attributes
                0x00000000000006ec       0x2d C:/STM32/ST/STM32CubeIDE_1.12.0/STM32CubeIDE/plugins/com.st.stm32cube.ide.mcu.externaltools.gnu-tools-for-stm32.11.3.rel1.win32_1.1.1.202309131626/tools/bin/../lib/gcc/arm-none-eabi/11.3.1/../../../../arm-none-eabi/lib/thumb/v7-m/nofp\libc_nano.a(libc_a-sbrkr.o)
 .ARM.attributes
                0x0000000000000719       0x2d C:/STM32/ST/STM32CubeIDE_1.12.0/STM32CubeIDE/plugins/com.st.stm32cube.ide.mcu.externaltools.gnu-tools-for-stm32.11.3.rel1.win32_1.1.1.202309131626/tools/bin/../lib/gcc/arm-none-eabi/11.3.1/../../../../arm-none-eabi/lib/thumb/v7-m/nofp\libc_nano.a(libc_a-memchr-stub.o)
 .ARM.attributes
                0x0000000000000746       0x2d C:/STM32/ST/STM32CubeIDE_1.12.0/STM32CubeIDE/plugins/com.st.stm32cube.ide.mcu.externaltools.gnu-tools-for-stm32.11.3.rel1.win32_1.1.1.202309131626/tools/bin/../lib/gcc/arm-none-eabi/11.3.1/../../../../arm-none-eabi/lib/thumb/v7-m/nofp\libc_nano.a(libc_a-makebuf.o)
 .ARM.attributes
                0x0000000000000773       0x2d C:/STM32/ST/STM32CubeIDE_1.12.0/STM32CubeIDE/plugins/com.st.stm32cube.ide.mcu.externaltools.gnu-tools-for-stm32.11.3.rel1.win32_1.1.1.202309131626/tools/bin/../lib/gcc/arm-none-eabi/11.3.1/../../../../arm-none-eabi/lib/thumb/v7-m/nofp\libc_nano.a(libc_a-fstatr.o)
 .ARM.attributes
                0x00000000000007a0       0x2d C:/STM32/ST/STM32CubeIDE_1.12.0/STM32CubeIDE/plugins/com.st.stm32cube.ide.mcu.externaltools.gnu-tools-for-stm32.11.3.rel1.win32_1.1.1.202309131626/tools/bin/../lib/gcc/arm-none-eabi/11.3.1/../../../../arm-none-eabi/lib/thumb/v7-m/nofp\libc_nano.a(libc_a-isattyr.o)
 .ARM.attributes
                0x00000000000007cd       0x1d C:/STM32/ST/STM32CubeIDE_1.12.0/STM32CubeIDE/plugins/com.st.stm32cube.ide.mcu.externaltools.gnu-tools-for-stm32.11.3.rel1.win32_1.1.1.202309131626/tools/bin/../lib/gcc/arm-none-eabi/11.3.1/thumb/v7-m/nofp\libgcc.a(_arm_muldf3.o)
 .ARM.attributes
                0x00000000000007ea       0x1d C:/STM32/ST/STM32CubeIDE_1.12.0/STM32CubeIDE/plugins/com.st.stm32cube.ide.mcu.externaltools.gnu-tools-for-stm32.11.3.rel1.win32_1.1.1.202309131626/tools/bin/../lib/gcc/arm-none-eabi/11.3.1/thumb/v7-m/nofp\libgcc.a(_arm_addsubdf3.o)
 .ARM.attributes
                0x0000000000000807       0x1d C:/STM32/ST/STM32CubeIDE_1.12.0/STM32CubeIDE/plugins/com.st.stm32cube.ide.mcu.externaltools.gnu-tools-for-stm32.11.3.rel1.win32_1.1.1.202309131626/tools/bin/../lib/gcc/arm-none-eabi/11.3.1/thumb/v7-m/nofp\libgcc.a(_arm_truncdfsf2.o)
 .ARM.attributes
                0x0000000000000824       0x1d C:/STM32/ST/STM32CubeIDE_1.12.0/STM32CubeIDE/plugins/com.st.stm32cube.ide.mcu.externaltools.gnu-tools-for-stm32.11.3.rel1.win32_1.1.1.202309131626/tools/bin/../lib/gcc/arm-none-eabi/11.3.1/thumb/v7-m/nofp\libgcc.a(_arm_addsubsf3.o)
 .ARM.attributes
                0x0000000000000841       0x1d C:/STM32/ST/STM32CubeIDE_1.12.0/STM32CubeIDE/plugins/com.st.stm32cube.ide.mcu.externaltools.gnu-tools-for-stm32.11.3.rel1.win32_1.1.1.202309131626/tools/bin/../lib/gcc/arm-none-eabi/11.3.1/thumb/v7-m/nofp\libgcc.a(_arm_muldivsf3.o)
 .ARM.attributes
                0x000000000000085e       0x1d C:/STM32/ST/STM32CubeIDE_1.12.0/STM32CubeIDE/plugins/com.st.stm32cube.ide.mcu.externaltools.gnu-tools-for-stm32.11.3.rel1.win32_1.1.1.202309131626/tools/bin/../lib/gcc/arm-none-eabi/11.3.1/thumb/v7-m/nofp\libgcc.a(_arm_cmpsf2.o)
 .ARM.attributes
                0x000000000000087b       0x1d C:/STM32/ST/STM32CubeIDE_1.12.0/STM32CubeIDE/plugins/com.st.stm32cube.ide.mcu.externaltools.gnu-tools-for-stm32.11.3.rel1.win32_1.1.1.202309131626/tools/bin/../lib/gcc/arm-none-eabi/11.3.1/thumb/v7-m/nofp\libgcc.a(_arm_fixunssfsi.o)
 .ARM.attributes
                0x0000000000000898       0x1d C:/STM32/ST/STM32CubeIDE_1.12.0/STM32CubeIDE/plugins/com.st.stm32cube.ide.mcu.externaltools.gnu-tools-for-stm32.11.3.rel1.win32_1.1.1.202309131626/tools/bin/../lib/gcc/arm-none-eabi/11.3.1/thumb/v7-m/nofp/crtn.o
OUTPUT(PIDencoder.elf elf32-littlearm)
LOAD linker stubs
LOAD C:/STM32/ST/STM32CubeIDE_1.12.0/STM32CubeIDE/plugins/com.st.stm32cube.ide.mcu.externaltools.gnu-tools-for-stm32.11.3.rel1.win32_1.1.1.202309131626/tools/bin/../lib/gcc/arm-none-eabi/11.3.1/../../../../arm-none-eabi/lib/thumb/v7-m/nofp\libc.a
LOAD C:/STM32/ST/STM32CubeIDE_1.12.0/STM32CubeIDE/plugins/com.st.stm32cube.ide.mcu.externaltools.gnu-tools-for-stm32.11.3.rel1.win32_1.1.1.202309131626/tools/bin/../lib/gcc/arm-none-eabi/11.3.1/../../../../arm-none-eabi/lib/thumb/v7-m/nofp\libm.a
LOAD C:/STM32/ST/STM32CubeIDE_1.12.0/STM32CubeIDE/plugins/com.st.stm32cube.ide.mcu.externaltools.gnu-tools-for-stm32.11.3.rel1.win32_1.1.1.202309131626/tools/bin/../lib/gcc/arm-none-eabi/11.3.1/thumb/v7-m/nofp\libgcc.a

.comment        0x0000000000000000       0x43
 .comment       0x0000000000000000       0x43 C:/STM32/ST/STM32CubeIDE_1.12.0/STM32CubeIDE/plugins/com.st.stm32cube.ide.mcu.externaltools.gnu-tools-for-stm32.11.3.rel1.win32_1.1.1.202309131626/tools/bin/../lib/gcc/arm-none-eabi/11.3.1/thumb/v7-m/nofp/crtbegin.o
                                         0x44 (size before relaxing)
 .comment       0x0000000000000043       0x44 ./Core/Src/PID.o
 .comment       0x0000000000000043       0x44 ./Core/Src/gpio.o
 .comment       0x0000000000000043       0x44 ./Core/Src/main.o
 .comment       0x0000000000000043       0x44 ./Core/Src/stm32f1xx_hal_msp.o
 .comment       0x0000000000000043       0x44 ./Core/Src/stm32f1xx_it.o
 .comment       0x0000000000000043       0x44 ./Core/Src/syscalls.o
 .comment       0x0000000000000043       0x44 ./Core/Src/sysmem.o
 .comment       0x0000000000000043       0x44 ./Core/Src/system_stm32f1xx.o
 .comment       0x0000000000000043       0x44 ./Core/Src/tim.o
 .comment       0x0000000000000043       0x44 ./Drivers/STM32F1xx_HAL_Driver/Src/stm32f1xx_hal.o
 .comment       0x0000000000000043       0x44 ./Drivers/STM32F1xx_HAL_Driver/Src/stm32f1xx_hal_cortex.o
 .comment       0x0000000000000043       0x44 ./Drivers/STM32F1xx_HAL_Driver/Src/stm32f1xx_hal_gpio.o
 .comment       0x0000000000000043       0x44 ./Drivers/STM32F1xx_HAL_Driver/Src/stm32f1xx_hal_rcc.o
 .comment       0x0000000000000043       0x44 ./Drivers/STM32F1xx_HAL_Driver/Src/stm32f1xx_hal_tim.o
 .comment       0x0000000000000043       0x44 ./Drivers/STM32F1xx_HAL_Driver/Src/stm32f1xx_hal_tim_ex.o

.debug_info     0x0000000000000000     0x9258
 .debug_info    0x0000000000000000      0x1d5 ./Core/Src/PID.o
 .debug_info    0x00000000000001d5      0x2d3 ./Core/Src/gpio.o
 .debug_info    0x00000000000004a8      0xde4 ./Core/Src/main.o
 .debug_info    0x000000000000128c      0x370 ./Core/Src/stm32f1xx_hal_msp.o
 .debug_info    0x00000000000015fc      0x6b1 ./Core/Src/stm32f1xx_it.o
 .debug_info    0x0000000000001cad      0x6eb ./Core/Src/syscalls.o
 .debug_info    0x0000000000002398      0x168 ./Core/Src/sysmem.o
 .debug_info    0x0000000000002500      0x222 ./Core/Src/system_stm32f1xx.o
 .debug_info    0x0000000000002722      0xe32 ./Core/Src/tim.o
 .debug_info    0x0000000000003554       0x23 ./Core/Startup/startup_stm32f103c8tx.o
 .debug_info    0x0000000000003577      0x704 ./Drivers/STM32F1xx_HAL_Driver/Src/stm32f1xx_hal.o
 .debug_info    0x0000000000003c7b      0xa87 ./Drivers/STM32F1xx_HAL_Driver/Src/stm32f1xx_hal_cortex.o
 .debug_info    0x0000000000004702      0x5ab ./Drivers/STM32F1xx_HAL_Driver/Src/stm32f1xx_hal_gpio.o
 .debug_info    0x0000000000004cad      0x7d5 ./Drivers/STM32F1xx_HAL_Driver/Src/stm32f1xx_hal_rcc.o
 .debug_info    0x0000000000005482     0x293b ./Drivers/STM32F1xx_HAL_Driver/Src/stm32f1xx_hal_tim.o
 .debug_info    0x0000000000007dbd     0x149b ./Drivers/STM32F1xx_HAL_Driver/Src/stm32f1xx_hal_tim_ex.o

.debug_abbrev   0x0000000000000000     0x1cf7
 .debug_abbrev  0x0000000000000000       0xe7 ./Core/Src/PID.o
 .debug_abbrev  0x00000000000000e7      0x13f ./Core/Src/gpio.o
 .debug_abbrev  0x0000000000000226      0x361 ./Core/Src/main.o
 .debug_abbrev  0x0000000000000587      0x11e ./Core/Src/stm32f1xx_hal_msp.o
 .debug_abbrev  0x00000000000006a5      0x191 ./Core/Src/stm32f1xx_it.o
 .debug_abbrev  0x0000000000000836      0x1d1 ./Core/Src/syscalls.o
 .debug_abbrev  0x0000000000000a07       0xbc ./Core/Src/sysmem.o
 .debug_abbrev  0x0000000000000ac3      0x13f ./Core/Src/system_stm32f1xx.o
 .debug_abbrev  0x0000000000000c02      0x274 ./Core/Src/tim.o
 .debug_abbrev  0x0000000000000e76       0x12 ./Core/Startup/startup_stm32f103c8tx.o
 .debug_abbrev  0x0000000000000e88      0x201 ./Drivers/STM32F1xx_HAL_Driver/Src/stm32f1xx_hal.o
 .debug_abbrev  0x0000000000001089      0x2f8 ./Drivers/STM32F1xx_HAL_Driver/Src/stm32f1xx_hal_cortex.o
 .debug_abbrev  0x0000000000001381      0x1ca ./Drivers/STM32F1xx_HAL_Driver/Src/stm32f1xx_hal_gpio.o
 .debug_abbrev  0x000000000000154b      0x2b3 ./Drivers/STM32F1xx_HAL_Driver/Src/stm32f1xx_hal_rcc.o
 .debug_abbrev  0x00000000000017fe      0x277 ./Drivers/STM32F1xx_HAL_Driver/Src/stm32f1xx_hal_tim.o
 .debug_abbrev  0x0000000000001a75      0x282 ./Drivers/STM32F1xx_HAL_Driver/Src/stm32f1xx_hal_tim_ex.o

.debug_aranges  0x0000000000000000      0xaa0
 .debug_aranges
                0x0000000000000000       0x28 ./Core/Src/PID.o
 .debug_aranges
                0x0000000000000028       0x20 ./Core/Src/gpio.o
 .debug_aranges
                0x0000000000000048       0x50 ./Core/Src/main.o
 .debug_aranges
                0x0000000000000098       0x20 ./Core/Src/stm32f1xx_hal_msp.o
 .debug_aranges
                0x00000000000000b8       0x70 ./Core/Src/stm32f1xx_it.o
 .debug_aranges
                0x0000000000000128       0xb0 ./Core/Src/syscalls.o
 .debug_aranges
                0x00000000000001d8       0x20 ./Core/Src/sysmem.o
 .debug_aranges
                0x00000000000001f8       0x28 ./Core/Src/system_stm32f1xx.o
 .debug_aranges
                0x0000000000000220       0x58 ./Core/Src/tim.o
 .debug_aranges
                0x0000000000000278       0x28 ./Core/Startup/startup_stm32f103c8tx.o
 .debug_aranges
                0x00000000000002a0       0xe0 ./Drivers/STM32F1xx_HAL_Driver/Src/stm32f1xx_hal.o
 .debug_aranges
                0x0000000000000380      0x100 ./Drivers/STM32F1xx_HAL_Driver/Src/stm32f1xx_hal_cortex.o
 .debug_aranges
                0x0000000000000480       0x58 ./Drivers/STM32F1xx_HAL_Driver/Src/stm32f1xx_hal_gpio.o
 .debug_aranges
                0x00000000000004d8       0x90 ./Drivers/STM32F1xx_HAL_Driver/Src/stm32f1xx_hal_rcc.o
 .debug_aranges
                0x0000000000000568      0x3d0 ./Drivers/STM32F1xx_HAL_Driver/Src/stm32f1xx_hal_tim.o
 .debug_aranges
                0x0000000000000938      0x168 ./Drivers/STM32F1xx_HAL_Driver/Src/stm32f1xx_hal_tim_ex.o

.debug_rnglists
                0x0000000000000000      0x819
 .debug_rnglists
                0x0000000000000000       0x1a ./Core/Src/PID.o
 .debug_rnglists
                0x000000000000001a       0x14 ./Core/Src/gpio.o
 .debug_rnglists
                0x000000000000002e       0x3b ./Core/Src/main.o
 .debug_rnglists
                0x0000000000000069       0x13 ./Core/Src/stm32f1xx_hal_msp.o
 .debug_rnglists
                0x000000000000007c       0x4f ./Core/Src/stm32f1xx_it.o
 .debug_rnglists
                0x00000000000000cb       0x7f ./Core/Src/syscalls.o
 .debug_rnglists
                0x000000000000014a       0x13 ./Core/Src/sysmem.o
 .debug_rnglists
                0x000000000000015d       0x1a ./Core/Src/system_stm32f1xx.o
 .debug_rnglists
                0x0000000000000177       0x41 ./Core/Src/tim.o
 .debug_rnglists
                0x00000000000001b8       0x19 ./Core/Startup/startup_stm32f103c8tx.o
 .debug_rnglists
                0x00000000000001d1       0xa3 ./Drivers/STM32F1xx_HAL_Driver/Src/stm32f1xx_hal.o
 .debug_rnglists
                0x0000000000000274       0xbb ./Drivers/STM32F1xx_HAL_Driver/Src/stm32f1xx_hal_cortex.o
 .debug_rnglists
                0x000000000000032f       0x3f ./Drivers/STM32F1xx_HAL_Driver/Src/stm32f1xx_hal_gpio.o
 .debug_rnglists
                0x000000000000036e       0x6c ./Drivers/STM32F1xx_HAL_Driver/Src/stm32f1xx_hal_rcc.o
 .debug_rnglists
                0x00000000000003da      0x31a ./Drivers/STM32F1xx_HAL_Driver/Src/stm32f1xx_hal_tim.o
 .debug_rnglists
                0x00000000000006f4      0x125 ./Drivers/STM32F1xx_HAL_Driver/Src/stm32f1xx_hal_tim_ex.o

.debug_macro    0x0000000000000000    0x17aa8
 .debug_macro   0x0000000000000000      0x1c1 ./Core/Src/PID.o
 .debug_macro   0x00000000000001c1      0x215 ./Core/Src/PID.o
 .debug_macro   0x00000000000003d6       0x2e ./Core/Src/PID.o
 .debug_macro   0x0000000000000404       0x22 ./Core/Src/PID.o
 .debug_macro   0x0000000000000426       0x22 ./Core/Src/PID.o
 .debug_macro   0x0000000000000448       0x8e ./Core/Src/PID.o
 .debug_macro   0x00000000000004d6       0x51 ./Core/Src/PID.o
 .debug_macro   0x0000000000000527      0x103 ./Core/Src/PID.o
 .debug_macro   0x000000000000062a       0x6a ./Core/Src/PID.o
 .debug_macro   0x0000000000000694      0x1df ./Core/Src/PID.o
 .debug_macro   0x0000000000000873       0x1c ./Core/Src/PID.o
 .debug_macro   0x000000000000088f       0x22 ./Core/Src/PID.o
 .debug_macro   0x00000000000008b1       0xbd ./Core/Src/PID.o
 .debug_macro   0x000000000000096e      0xd23 ./Core/Src/PID.o
 .debug_macro   0x0000000000001691     0xe09e ./Core/Src/PID.o
 .debug_macro   0x000000000000f72f       0x6d ./Core/Src/PID.o
 .debug_macro   0x000000000000f79c     0x348d ./Core/Src/PID.o
 .debug_macro   0x0000000000012c29      0x174 ./Core/Src/PID.o
 .debug_macro   0x0000000000012d9d       0x5c ./Core/Src/PID.o
 .debug_macro   0x0000000000012df9      0x5bc ./Core/Src/PID.o
 .debug_macro   0x00000000000133b5      0x289 ./Core/Src/PID.o
 .debug_macro   0x000000000001363e      0x1cb ./Core/Src/PID.o
 .debug_macro   0x0000000000013809      0x114 ./Core/Src/PID.o
 .debug_macro   0x000000000001391d      0x1b2 ./Core/Src/PID.o
 .debug_macro   0x0000000000013acf       0x27 ./Core/Src/PID.o
 .debug_macro   0x0000000000013af6      0x136 ./Core/Src/PID.o
 .debug_macro   0x0000000000013c2c      0x1bc ./Core/Src/PID.o
 .debug_macro   0x0000000000013de8       0x34 ./Core/Src/PID.o
 .debug_macro   0x0000000000013e1c       0x3c ./Core/Src/PID.o
 .debug_macro   0x0000000000013e58       0x57 ./Core/Src/PID.o
 .debug_macro   0x0000000000013eaf       0x87 ./Core/Src/PID.o
 .debug_macro   0x0000000000013f36      0x240 ./Core/Src/PID.o
 .debug_macro   0x0000000000014176      0x140 ./Core/Src/PID.o
 .debug_macro   0x00000000000142b6      0x8ed ./Core/Src/PID.o
 .debug_macro   0x0000000000014ba3       0x83 ./Core/Src/PID.o
 .debug_macro   0x0000000000014c26      0x1ad ./Core/Src/gpio.o
 .debug_macro   0x0000000000014dd3      0x2bb ./Core/Src/main.o
 .debug_macro   0x000000000001508e       0x61 ./Core/Src/main.o
 .debug_macro   0x00000000000150ef       0x24 ./Core/Src/main.o
 .debug_macro   0x0000000000015113       0x43 ./Core/Src/main.o
 .debug_macro   0x0000000000015156       0x34 ./Core/Src/main.o
 .debug_macro   0x000000000001518a       0x16 ./Core/Src/main.o
 .debug_macro   0x00000000000151a0       0x35 ./Core/Src/main.o
 .debug_macro   0x00000000000151d5      0x369 ./Core/Src/main.o
 .debug_macro   0x000000000001553e       0x10 ./Core/Src/main.o
 .debug_macro   0x000000000001554e       0x16 ./Core/Src/main.o
 .debug_macro   0x0000000000015564       0x43 ./Core/Src/main.o
 .debug_macro   0x00000000000155a7       0x34 ./Core/Src/main.o
 .debug_macro   0x00000000000155db       0x10 ./Core/Src/main.o
 .debug_macro   0x00000000000155eb       0x58 ./Core/Src/main.o
 .debug_macro   0x0000000000015643       0x8e ./Core/Src/main.o
 .debug_macro   0x00000000000156d1       0x1c ./Core/Src/main.o
 .debug_macro   0x00000000000156ed      0x177 ./Core/Src/main.o
 .debug_macro   0x0000000000015864       0x16 ./Core/Src/main.o
 .debug_macro   0x000000000001587a       0x16 ./Core/Src/main.o
 .debug_macro   0x0000000000015890      0x147 ./Core/Src/main.o
 .debug_macro   0x00000000000159d7      0x1a3 ./Core/Src/stm32f1xx_hal_msp.o
 .debug_macro   0x0000000000015b7a      0x1ad ./Core/Src/stm32f1xx_it.o
 .debug_macro   0x0000000000015d27      0x286 ./Core/Src/syscalls.o
 .debug_macro   0x0000000000015fad       0x5b ./Core/Src/syscalls.o
 .debug_macro   0x0000000000016008       0x94 ./Core/Src/syscalls.o
 .debug_macro   0x000000000001609c       0x57 ./Core/Src/syscalls.o
 .debug_macro   0x00000000000160f3       0x10 ./Core/Src/syscalls.o
 .debug_macro   0x0000000000016103       0x10 ./Core/Src/syscalls.o
 .debug_macro   0x0000000000016113       0x10 ./Core/Src/syscalls.o
 .debug_macro   0x0000000000016123       0x10 ./Core/Src/syscalls.o
 .debug_macro   0x0000000000016133       0x1c ./Core/Src/syscalls.o
 .debug_macro   0x000000000001614f       0x52 ./Core/Src/syscalls.o
 .debug_macro   0x00000000000161a1       0x22 ./Core/Src/syscalls.o
 .debug_macro   0x00000000000161c3       0x10 ./Core/Src/syscalls.o
 .debug_macro   0x00000000000161d3       0x52 ./Core/Src/syscalls.o
 .debug_macro   0x0000000000016225       0xcf ./Core/Src/syscalls.o
 .debug_macro   0x00000000000162f4       0x1c ./Core/Src/syscalls.o
 .debug_macro   0x0000000000016310       0x3d ./Core/Src/syscalls.o
 .debug_macro   0x000000000001634d       0x35 ./Core/Src/syscalls.o
 .debug_macro   0x0000000000016382      0x12c ./Core/Src/syscalls.o
 .debug_macro   0x00000000000164ae       0x16 ./Core/Src/syscalls.o
 .debug_macro   0x00000000000164c4       0x16 ./Core/Src/syscalls.o
 .debug_macro   0x00000000000164da       0x29 ./Core/Src/syscalls.o
 .debug_macro   0x0000000000016503       0x10 ./Core/Src/syscalls.o
 .debug_macro   0x0000000000016513      0x242 ./Core/Src/syscalls.o
 .debug_macro   0x0000000000016755       0x1c ./Core/Src/syscalls.o
 .debug_macro   0x0000000000016771       0x10 ./Core/Src/syscalls.o
 .debug_macro   0x0000000000016781      0x18a ./Core/Src/syscalls.o
 .debug_macro   0x000000000001690b       0x16 ./Core/Src/syscalls.o
 .debug_macro   0x0000000000016921       0xce ./Core/Src/syscalls.o
 .debug_macro   0x00000000000169ef       0xff ./Core/Src/sysmem.o
 .debug_macro   0x0000000000016aee      0x23c ./Core/Src/sysmem.o
 .debug_macro   0x0000000000016d2a      0x199 ./Core/Src/system_stm32f1xx.o
 .debug_macro   0x0000000000016ec3      0x1ad ./Core/Src/tim.o
 .debug_macro   0x0000000000017070      0x1bd ./Drivers/STM32F1xx_HAL_Driver/Src/stm32f1xx_hal.o
 .debug_macro   0x000000000001722d      0x199 ./Drivers/STM32F1xx_HAL_Driver/Src/stm32f1xx_hal_cortex.o
 .debug_macro   0x00000000000173c6      0x204 ./Drivers/STM32F1xx_HAL_Driver/Src/stm32f1xx_hal_gpio.o
 .debug_macro   0x00000000000175ca      0x1ab ./Drivers/STM32F1xx_HAL_Driver/Src/stm32f1xx_hal_rcc.o
 .debug_macro   0x0000000000017775      0x19a ./Drivers/STM32F1xx_HAL_Driver/Src/stm32f1xx_hal_tim.o
 .debug_macro   0x000000000001790f      0x199 ./Drivers/STM32F1xx_HAL_Driver/Src/stm32f1xx_hal_tim_ex.o

.debug_line     0x0000000000000000     0xc241
 .debug_line    0x0000000000000000      0x7d3 ./Core/Src/PID.o
 .debug_line    0x00000000000007d3      0x70c ./Core/Src/gpio.o
 .debug_line    0x0000000000000edf      0xa58 ./Core/Src/main.o
 .debug_line    0x0000000000001937      0x6ff ./Core/Src/stm32f1xx_hal_msp.o
 .debug_line    0x0000000000002036      0x7ea ./Core/Src/stm32f1xx_it.o
 .debug_line    0x0000000000002820      0x900 ./Core/Src/syscalls.o
 .debug_line    0x0000000000003120      0x597 ./Core/Src/sysmem.o
 .debug_line    0x00000000000036b7      0x77b ./Core/Src/system_stm32f1xx.o
 .debug_line    0x0000000000003e32      0x8d2 ./Core/Src/tim.o
 .debug_line    0x0000000000004704       0x78 ./Core/Startup/startup_stm32f103c8tx.o
 .debug_line    0x000000000000477c      0x9a8 ./Drivers/STM32F1xx_HAL_Driver/Src/stm32f1xx_hal.o
 .debug_line    0x0000000000005124      0xb90 ./Drivers/STM32F1xx_HAL_Driver/Src/stm32f1xx_hal_cortex.o
 .debug_line    0x0000000000005cb4      0xa41 ./Drivers/STM32F1xx_HAL_Driver/Src/stm32f1xx_hal_gpio.o
 .debug_line    0x00000000000066f5      0xdb1 ./Drivers/STM32F1xx_HAL_Driver/Src/stm32f1xx_hal_rcc.o
 .debug_line    0x00000000000074a6     0x3494 ./Drivers/STM32F1xx_HAL_Driver/Src/stm32f1xx_hal_tim.o
 .debug_line    0x000000000000a93a     0x1907 ./Drivers/STM32F1xx_HAL_Driver/Src/stm32f1xx_hal_tim_ex.o

.debug_str      0x0000000000000000    0x89bc1
 .debug_str     0x0000000000000000    0x8168d ./Core/Src/PID.o
                                      0x819b9 (size before relaxing)
 .debug_str     0x000000000008168d      0x109 ./Core/Src/gpio.o
                                      0x819f0 (size before relaxing)
 .debug_str     0x0000000000081796     0x3ee0 ./Core/Src/main.o
                                      0x8595e (size before relaxing)
 .debug_str     0x0000000000085676      0x2e6 ./Core/Src/stm32f1xx_hal_msp.o
                                      0x81c7f (size before relaxing)
 .debug_str     0x000000000008595c       0xfb ./Core/Src/stm32f1xx_it.o
                                      0x81e8d (size before relaxing)
 .debug_str     0x0000000000085a57     0x217e ./Core/Src/syscalls.o
                                       0x98e4 (size before relaxing)
 .debug_str     0x0000000000087bd5       0x6b ./Core/Src/sysmem.o
                                       0x5fe4 (size before relaxing)
 .debug_str     0x0000000000087c40       0x7e ./Core/Src/system_stm32f1xx.o
                                      0x819a3 (size before relaxing)
 .debug_str     0x0000000000087cbe      0x2f3 ./Core/Src/tim.o
                                      0x824f5 (size before relaxing)
 .debug_str     0x0000000000087fb1       0x34 ./Core/Startup/startup_stm32f103c8tx.o
                                         0x4e (size before relaxing)
 .debug_str     0x0000000000087fe5      0x37f ./Drivers/STM32F1xx_HAL_Driver/Src/stm32f1xx_hal.o
                                      0x820d6 (size before relaxing)
 .debug_str     0x0000000000088364      0x26c ./Drivers/STM32F1xx_HAL_Driver/Src/stm32f1xx_hal_cortex.o
                                      0x82022 (size before relaxing)
 .debug_str     0x00000000000885d0      0x2e6 ./Drivers/STM32F1xx_HAL_Driver/Src/stm32f1xx_hal_gpio.o
                                      0x81d29 (size before relaxing)
 .debug_str     0x00000000000888b6      0x229 ./Drivers/STM32F1xx_HAL_Driver/Src/stm32f1xx_hal_rcc.o
                                      0x81dd2 (size before relaxing)
 .debug_str     0x0000000000088adf      0xc4f ./Drivers/STM32F1xx_HAL_Driver/Src/stm32f1xx_hal_tim.o
                                      0x82dc4 (size before relaxing)
 .debug_str     0x000000000008972e      0x493 ./Drivers/STM32F1xx_HAL_Driver/Src/stm32f1xx_hal_tim_ex.o
                                      0x825e0 (size before relaxing)

.debug_frame    0x0000000000000000     0x34bc
 .debug_frame   0x0000000000000000       0x60 ./Core/Src/PID.o
 .debug_frame   0x0000000000000060       0x34 ./Core/Src/gpio.o
 .debug_frame   0x0000000000000094      0x104 ./Core/Src/main.o
 .debug_frame   0x0000000000000198       0x34 ./Core/Src/stm32f1xx_hal_msp.o
 .debug_frame   0x00000000000001cc      0x140 ./Core/Src/stm32f1xx_it.o
 .debug_frame   0x000000000000030c      0x2d4 ./Core/Src/syscalls.o
 .debug_frame   0x00000000000005e0       0x34 ./Core/Src/sysmem.o
 .debug_frame   0x0000000000000614       0x58 ./Core/Src/system_stm32f1xx.o
 .debug_frame   0x000000000000066c      0x130 ./Core/Src/tim.o
 .debug_frame   0x000000000000079c      0x334 ./Drivers/STM32F1xx_HAL_Driver/Src/stm32f1xx_hal.o
 .debug_frame   0x0000000000000ad0      0x428 ./Drivers/STM32F1xx_HAL_Driver/Src/stm32f1xx_hal_cortex.o
 .debug_frame   0x0000000000000ef8      0x14c ./Drivers/STM32F1xx_HAL_Driver/Src/stm32f1xx_hal_gpio.o
 .debug_frame   0x0000000000001044      0x218 ./Drivers/STM32F1xx_HAL_Driver/Src/stm32f1xx_hal_rcc.o
 .debug_frame   0x000000000000125c     0x11bc ./Drivers/STM32F1xx_HAL_Driver/Src/stm32f1xx_hal_tim.o
 .debug_frame   0x0000000000002418      0x638 ./Drivers/STM32F1xx_HAL_Driver/Src/stm32f1xx_hal_tim_ex.o
 .debug_frame   0x0000000000002a50      0x144 C:/STM32/ST/STM32CubeIDE_1.12.0/STM32CubeIDE/plugins/com.st.stm32cube.ide.mcu.externaltools.gnu-tools-for-stm32.11.3.rel1.win32_1.1.1.202309131626/tools/bin/../lib/gcc/arm-none-eabi/11.3.1/../../../../arm-none-eabi/lib/thumb/v7-m/nofp\libc_nano.a(libc_a-findfp.o)
 .debug_frame   0x0000000000002b94       0x34 C:/STM32/ST/STM32CubeIDE_1.12.0/STM32CubeIDE/plugins/com.st.stm32cube.ide.mcu.externaltools.gnu-tools-for-stm32.11.3.rel1.win32_1.1.1.202309131626/tools/bin/../lib/gcc/arm-none-eabi/11.3.1/../../../../arm-none-eabi/lib/thumb/v7-m/nofp\libc_nano.a(libc_a-fwalk.o)
 .debug_frame   0x0000000000002bc8       0x6c C:/STM32/ST/STM32CubeIDE_1.12.0/STM32CubeIDE/plugins/com.st.stm32cube.ide.mcu.externaltools.gnu-tools-for-stm32.11.3.rel1.win32_1.1.1.202309131626/tools/bin/../lib/gcc/arm-none-eabi/11.3.1/../../../../arm-none-eabi/lib/thumb/v7-m/nofp\libc_nano.a(libc_a-printf.o)
 .debug_frame   0x0000000000002c34       0x88 C:/STM32/ST/STM32CubeIDE_1.12.0/STM32CubeIDE/plugins/com.st.stm32cube.ide.mcu.externaltools.gnu-tools-for-stm32.11.3.rel1.win32_1.1.1.202309131626/tools/bin/../lib/gcc/arm-none-eabi/11.3.1/../../../../arm-none-eabi/lib/thumb/v7-m/nofp\libc_nano.a(libc_a-stdio.o)